Archive member included to satisfy reference by file (symbol)

C:/Users/amand/.pico-sdk/toolchain/13_3_Rel1/bin/../lib/gcc/arm-none-eabi/13.3.1/thumb/v6-m/nofp\libgcc.a(_dvmd_tls.o)
                              CMakeFiles/Atv10-02.dir/C_/Users/amand/.pico-sdk/sdk/2.1.0/src/rp2_common/pico_divider/divider_hardware.S.obj (__aeabi_idiv0)
C:/Users/amand/.pico-sdk/toolchain/13_3_Rel1/bin/../lib/gcc/arm-none-eabi/13.3.1/thumb/v6-m/nofp\libg.a(libc_a-calloc.o)
                              CMakeFiles/Atv10-02.dir/C_/Users/amand/.pico-sdk/sdk/2.1.0/src/rp2_common/pico_malloc/malloc.c.obj (calloc)
C:/Users/amand/.pico-sdk/toolchain/13_3_Rel1/bin/../lib/gcc/arm-none-eabi/13.3.1/thumb/v6-m/nofp\libg.a(libc_a-callocr.o)
                              C:/Users/amand/.pico-sdk/toolchain/13_3_Rel1/bin/../lib/gcc/arm-none-eabi/13.3.1/thumb/v6-m/nofp\libg.a(libc_a-calloc.o) (_calloc_r)
C:/Users/amand/.pico-sdk/toolchain/13_3_Rel1/bin/../lib/gcc/arm-none-eabi/13.3.1/thumb/v6-m/nofp\libg.a(libc_a-malloc.o)
                              CMakeFiles/Atv10-02.dir/C_/Users/amand/.pico-sdk/sdk/2.1.0/src/rp2_common/pico_malloc/malloc.c.obj (malloc)
C:/Users/amand/.pico-sdk/toolchain/13_3_Rel1/bin/../lib/gcc/arm-none-eabi/13.3.1/thumb/v6-m/nofp\libg.a(libc_a-mallocr.o)
                              C:/Users/amand/.pico-sdk/toolchain/13_3_Rel1/bin/../lib/gcc/arm-none-eabi/13.3.1/thumb/v6-m/nofp\libg.a(libc_a-callocr.o) (_malloc_r)
C:/Users/amand/.pico-sdk/toolchain/13_3_Rel1/bin/../lib/gcc/arm-none-eabi/13.3.1/thumb/v6-m/nofp\libg.a(libc_a-mlock.o)
                              C:/Users/amand/.pico-sdk/toolchain/13_3_Rel1/bin/../lib/gcc/arm-none-eabi/13.3.1/thumb/v6-m/nofp\libg.a(libc_a-mallocr.o) (__malloc_lock)
C:/Users/amand/.pico-sdk/toolchain/13_3_Rel1/bin/../lib/gcc/arm-none-eabi/13.3.1/thumb/v6-m/nofp\libg.a(libc_a-realloc.o)
                              CMakeFiles/Atv10-02.dir/C_/Users/amand/.pico-sdk/sdk/2.1.0/src/rp2_common/pico_malloc/malloc.c.obj (realloc)
C:/Users/amand/.pico-sdk/toolchain/13_3_Rel1/bin/../lib/gcc/arm-none-eabi/13.3.1/thumb/v6-m/nofp\libg.a(libc_a-reallocr.o)
                              C:/Users/amand/.pico-sdk/toolchain/13_3_Rel1/bin/../lib/gcc/arm-none-eabi/13.3.1/thumb/v6-m/nofp\libg.a(libc_a-realloc.o) (_realloc_r)
C:/Users/amand/.pico-sdk/toolchain/13_3_Rel1/bin/../lib/gcc/arm-none-eabi/13.3.1/thumb/v6-m/nofp\libg.a(libc_a-memcmp.o)
                              CMakeFiles/Atv10-02.dir/C_/Users/amand/.pico-sdk/sdk/2.1.0/src/rp2_common/pico_atomic/atomic.c.obj (memcmp)
C:/Users/amand/.pico-sdk/toolchain/13_3_Rel1/bin/../lib/gcc/arm-none-eabi/13.3.1/thumb/v6-m/nofp\libg.a(libc_a-memmove.o)
                              C:/Users/amand/.pico-sdk/toolchain/13_3_Rel1/bin/../lib/gcc/arm-none-eabi/13.3.1/thumb/v6-m/nofp\libg.a(libc_a-reallocr.o) (memmove)
C:/Users/amand/.pico-sdk/toolchain/13_3_Rel1/bin/../lib/gcc/arm-none-eabi/13.3.1/thumb/v6-m/nofp\libg.a(libc_a-lcltime_r.o)
                              CMakeFiles/Atv10-02.dir/C_/Users/amand/.pico-sdk/sdk/2.1.0/src/common/pico_util/datetime.c.obj (localtime_r)
C:/Users/amand/.pico-sdk/toolchain/13_3_Rel1/bin/../lib/gcc/arm-none-eabi/13.3.1/thumb/v6-m/nofp\libg.a(libc_a-mktime.o)
                              CMakeFiles/Atv10-02.dir/C_/Users/amand/.pico-sdk/sdk/2.1.0/src/common/pico_util/datetime.c.obj (mktime)
C:/Users/amand/.pico-sdk/toolchain/13_3_Rel1/bin/../lib/gcc/arm-none-eabi/13.3.1/thumb/v6-m/nofp\libg.a(libc_a-month_lengths.o)
                              C:/Users/amand/.pico-sdk/toolchain/13_3_Rel1/bin/../lib/gcc/arm-none-eabi/13.3.1/thumb/v6-m/nofp\libg.a(libc_a-lcltime_r.o) (__month_lengths)
C:/Users/amand/.pico-sdk/toolchain/13_3_Rel1/bin/../lib/gcc/arm-none-eabi/13.3.1/thumb/v6-m/nofp\libg.a(libc_a-tzcalc_limits.o)
                              C:/Users/amand/.pico-sdk/toolchain/13_3_Rel1/bin/../lib/gcc/arm-none-eabi/13.3.1/thumb/v6-m/nofp\libg.a(libc_a-lcltime_r.o) (__tzcalc_limits)
C:/Users/amand/.pico-sdk/toolchain/13_3_Rel1/bin/../lib/gcc/arm-none-eabi/13.3.1/thumb/v6-m/nofp\libg.a(libc_a-tzlock.o)
                              C:/Users/amand/.pico-sdk/toolchain/13_3_Rel1/bin/../lib/gcc/arm-none-eabi/13.3.1/thumb/v6-m/nofp\libg.a(libc_a-lcltime_r.o) (__tz_lock)
C:/Users/amand/.pico-sdk/toolchain/13_3_Rel1/bin/../lib/gcc/arm-none-eabi/13.3.1/thumb/v6-m/nofp\libg.a(libc_a-tzset.o)
                              C:/Users/amand/.pico-sdk/toolchain/13_3_Rel1/bin/../lib/gcc/arm-none-eabi/13.3.1/thumb/v6-m/nofp\libg.a(libc_a-lcltime_r.o) (_tzset_unlocked)
C:/Users/amand/.pico-sdk/toolchain/13_3_Rel1/bin/../lib/gcc/arm-none-eabi/13.3.1/thumb/v6-m/nofp\libg.a(libc_a-tzset_r.o)
                              C:/Users/amand/.pico-sdk/toolchain/13_3_Rel1/bin/../lib/gcc/arm-none-eabi/13.3.1/thumb/v6-m/nofp\libg.a(libc_a-tzset.o) (_tzset_unlocked_r)
C:/Users/amand/.pico-sdk/toolchain/13_3_Rel1/bin/../lib/gcc/arm-none-eabi/13.3.1/thumb/v6-m/nofp\libg.a(libc_a-tzvars.o)
[...]
Memory Configuration

Name             Origin             Length             Attributes
FLASH            0x10000000         0x00200000         xr
RAM              0x20000000         0x00040000         xrw
SCRATCH_X        0x20040000         0x00001000         xrw
SCRATCH_Y        0x20041000         0x00001000         xrw
*default*        0x00000000         0xffffffff

Linker script and memory map

LOAD C:/Users/amand/.pico-sdk/toolchain/13_3_Rel1/bin/../lib/gcc/arm-none-eabi/13.3.1/thumb/v6-m/nofp/crti.o
LOAD C:/Users/amand/.pico-sdk/toolchain/13_3_Rel1/bin/../lib/gcc/arm-none-eabi/13.3.1/thumb/v6-m/nofp/crtbegin.o
LOAD C:/Users/amand/.pico-sdk/toolchain/13_3_Rel1/bin/../lib/gcc/arm-none-eabi/13.3.1/thumb/v6-m/nofp/crt0.o

.flash_begin    0x10000000        0x0
                0x10000000                        __flash_binary_start = .

.boot2          0x10000000      0x100
                0x10000000                        __boot2_start__ = .
 *(.boot2)
 .boot2         0x10000000      0x100 pico-sdk/src/rp2040/boot_stage2/CMakeFiles/bs2_default_library.dir/./bs2_default_padded_checksummed.S.obj
                0x10000100                        __boot2_end__ = .
                0x00000001                        ASSERT (((__boot2_end__ - __boot2_start__) == 0x100), ERROR: Pico second stage bootloader must be 256 bytes in size)

.text           0x10000100     0x8314
                0x10000100                        __logical_binary_start = .
 *(.vectors)
 .vectors       0x10000100       0xd4 CMakeFiles/Atv10-02.dir/C_/Users/amand/.pico-sdk/sdk/2.1.0/src/rp2_common/pico_crt0/crt0.S.obj
                0x10000100                __VECTOR_TABLE
                0x10000100                __vectors
                0x100001c0                isr_invalid
                0x100001c0                __default_isrs_start
                0x100001c2                isr_nmi
                0x100001c4                isr_hardfault
                0x100001c6                isr_svcall
                0x100001c8                isr_pendsv
                0x100001ca                isr_systick
                0x100001cc                isr_irq23
                0x100001cc                isr_irq18
                0x100001cc                isr_irq11
                0x100001cc                isr_irq28
                0x100001cc                isr_irq19
                0x100001cc                isr_irq0
                0x100001cc                isr_irq6
                0x100001cc                isr_irq5
                0x100001cc                isr_irq12
                0x100001cc                isr_irq22
                0x100001cc                isr_irq31
                0x100001cc                isr_irq17
                0x100001cc                isr_irq27
                0x100001cc                isr_irq30
                0x100001cc                isr_irq2
                0x100001cc                isr_irq10
                0x100001cc                isr_irq8
                0x100001cc                isr_irq24
                0x100001cc                isr_irq1
                0x100001cc                isr_irq7
                0x100001cc                isr_irq21
                0x100001cc                isr_irq20
                0x100001cc                isr_irq15
                0x100001cc                isr_irq25
                0x100001cc                isr_irq13
                0x100001cc                __unhandled_user_irq
                0x100001cc                isr_irq4
                0x100001cc                isr_irq16
                0x100001cc                isr_irq29
                0x100001cc                isr_irq26
                0x100001cc                __default_isrs_end
                0x100001cc                isr_irq3
                0x100001cc                isr_irq14
                0x100001cc                isr_irq9
                0x100001d2                unhandled_user_irq_num_in_r0
 *(.binary_info_header)
 .binary_info_header
                0x100001d4       0x14 CMakeFiles/Atv10-02.dir/C_/Users/amand/.pico-sdk/sdk/2.1.0/src/rp2_common/pico_crt0/crt0.S.obj
                0x100001e8                        __binary_info_header_end = .
 *(.embedded_block)
                0x100001e8                        __embedded_block_end = .
 *(.reset)
 .reset         0x100001e8       0x9c CMakeFiles/Atv10-02.dir/C_/Users/amand/.pico-sdk/sdk/2.1.0/src/rp2_common/pico_crt0/crt0.S.obj
                0x100001e8                _entry_point
 *(.init)
 .init          0x10000284        0x4 C:/Users/amand/.pico-sdk/toolchain/13_3_Rel1/bin/../lib/gcc/arm-none-eabi/13.3.1/thumb/v6-m/nofp/crti.o
                0x10000284                _init
 *(EXCLUDE_FILE(*libm.a: *libc.a:*lib_a-mem*.o *libgcc.a:) .text*)
 .text.register_tm_clones
                0x10000288       0x28 C:/Users/amand/.pico-sdk/toolchain/13_3_Rel1/bin/../lib/gcc/arm-none-eabi/13.3.1/thumb/v6-m/nofp/crtbegin.o
 .text.frame_dummy
                0x100002b0       0x24 C:/Users/amand/.pico-sdk/toolchain/13_3_Rel1/bin/../lib/gcc/arm-none-eabi/13.3.1/thumb/v6-m/nofp/crtbegin.o
 .text.interrupcao_gpio
                0x100002d4      0x10c CMakeFiles/Atv10-02.dir/Atv10-02.c.obj
 .text.adc_gpio_init
                0x100003e0       0x20 CMakeFiles/Atv10-02.dir/Atv10-02.c.obj
 .text.startup.main
                0x10000400      0x3a0 CMakeFiles/Atv10-02.dir/Atv10-02.c.obj
                0x10000400                main
 .text.ssd1306_config
                0x100007a0      0x1d0 CMakeFiles/Atv10-02.dir/inc/ssd1306.c.obj
                0x100007a0                ssd1306_config
 .text.ssd1306_send_data
                0x10000970       0x8c CMakeFiles/Atv10-02.dir/inc/ssd1306.c.obj
                0x10000970                ssd1306_send_data
 .text.ssd1306_fill
                0x100009fc       0x80 CMakeFiles/Atv10-02.dir/inc/ssd1306.c.obj
                0x100009fc                ssd1306_fill
 .text.ssd1306_rect
                0x10000a7c      0x28c CMakeFiles/Atv10-02.dir/inc/ssd1306.c.obj
                0x10000a7c                ssd1306_rect
 .text.ssd1306_init_config_clean
                0x10000d08       0xc8 CMakeFiles/Atv10-02.dir/inc/ssd1306.c.obj
                0x10000d08                ssd1306_init_config_clean
 .text.gpio_default_irq_handler
                0x10000dd0      0x274 CMakeFiles/Atv10-02.dir/C_/Users/amand/.pico-sdk/sdk/2.1.0/src/rp2_common/hardware_gpio/gpio.c.obj
 .text.gpio_set_function
                0x10001044       0x34 CMakeFiles/Atv10-02.dir/C_/Users/amand/.pico-sdk/sdk/2.1.0/src/rp2_common/hardware_gpio/gpio.c.obj
                0x10001044                gpio_set_function
 .text.gpio_set_pulls
                0x10001078       0x28 CMakeFiles/Atv10-02.dir/C_/Users/amand/.pico-sdk/sdk/2.1.0/src/rp2_common/hardware_gpio/gpio.c.obj
                0x10001078                gpio_set_pulls
 .text.gpio_set_irq_enabled
                0x100010a0       0x58 CMakeFiles/Atv10-02.dir/C_/Users/amand/.pico-sdk/sdk/2.1.0/src/rp2_common/hardware_gpio/gpio.c.obj
                0x100010a0                gpio_set_irq_enabled
 .text.gpio_set_irq_enabled_with_callback
                0x100010f8       0xd0 CMakeFiles/Atv10-02.dir/C_/Users/amand/.pico-sdk/sdk/2.1.0/src/rp2_common/hardware_gpio/gpio.c.obj
                0x100010f8                gpio_set_irq_enabled_with_callback
 .text.gpio_set_input_enabled
                0x100011c8       0x28 CMakeFiles/Atv10-02.dir/C_/Users/amand/.pico-sdk/sdk/2.1.0/src/rp2_common/hardware_gpio/gpio.c.obj
                0x100011c8                gpio_set_input_enabled
 .text.gpio_init
                0x100011f0       0x40 CMakeFiles/Atv10-02.dir/C_/Users/amand/.pico-sdk/sdk/2.1.0/src/rp2_common/hardware_gpio/gpio.c.obj
                0x100011f0                gpio_init
 .text.rp2040_chip_version
                0x10001230        0xc CMakeFiles/Atv10-02.dir/C_/Users/amand/.pico-sdk/sdk/2.1.0/src/rp2040/pico_platform/platform.c.obj
                0x10001230                rp2040_chip_version
 .text.panic    0x1000123c       0x30 CMakeFiles/Atv10-02.dir/C_/Users/amand/.pico-sdk/sdk/2.1.0/src/rp2_common/pico_platform_panic/panic.c.obj
                0x1000123c                panic
 .text.hw_claim_or_assert
                0x1000126c       0x44 CMakeFiles/Atv10-02.dir/C_/Users/amand/.pico-sdk/sdk/2.1.0/src/common/hardware_claim/claim.c.obj
                0x1000126c                hw_claim_or_assert
 .text.hw_claim_unused_from_range
                0x100012b0       0x9c CMakeFiles/Atv10-02.dir/C_/Users/amand/.pico-sdk/sdk/2.1.0/src/common/hardware_claim/claim.c.obj
                0x100012b0                hw_claim_unused_from_range
 .text.next_striped_spin_lock_num
                0x1000134c       0x18 CMakeFiles/Atv10-02.dir/C_/Users/amand/.pico-sdk/sdk/2.1.0/src/rp2_common/hardware_sync/sync.c.obj
                0x1000134c                next_striped_spin_lock_num
 .text.spin_lock_claim_unused
                0x10001364       0x24 CMakeFiles/Atv10-02.dir/C_/Users/amand/.pico-sdk/sdk/2.1.0/src/rp2_common/hardware_sync/sync.c.obj
                0x10001364                spin_lock_claim_unused
 .text.spin_locks_reset
                0x10001388       0x1c CMakeFiles/Atv10-02.dir/C_/Users/amand/.pico-sdk/sdk/2.1.0/src/rp2_common/hardware_sync_spin_lock/sync_spin_lock.c.obj
                0x10001388                spin_locks_reset
 .text.runtime_init_per_core_irq_priorities
                0x100013a4       0x24 CMakeFiles/Atv10-02.dir/C_/Users/amand/.pico-sdk/sdk/2.1.0/src/rp2_common/hardware_irq/irq.c.obj
                0x100013a4                runtime_init_per_core_irq_priorities
 .text.irq_set_enabled
                0x100013c8       0x24 CMakeFiles/Atv10-02.dir/C_/Users/amand/.pico-sdk/sdk/2.1.0/src/rp2_common/hardware_irq/irq.c.obj
                0x100013c8                irq_set_enabled
 .text.irq_is_enabled
                0x100013ec       0x18 CMakeFiles/Atv10-02.dir/C_/Users/amand/.pico-sdk/sdk/2.1.0/src/rp2_common/hardware_irq/irq.c.obj
                0x100013ec                irq_is_enabled
 .text.irq_set_pending
                0x10001404       0x10 CMakeFiles/Atv10-02.dir/C_/Users/amand/.pico-sdk/sdk/2.1.0/src/rp2_common/hardware_irq/irq.c.obj
                0x10001404                irq_set_pending
 .text.irq_has_shared_handler
                0x10001414       0x2c CMakeFiles/Atv10-02.dir/C_/Users/amand/.pico-sdk/sdk/2.1.0/src/rp2_common/hardware_irq/irq.c.obj
                0x10001414                irq_has_shared_handler
 .text.irq_set_exclusive_handler
                0x10001440       0x54 CMakeFiles/Atv10-02.dir/C_/Users/amand/.pico-sdk/sdk/2.1.0/src/rp2_common/hardware_irq/irq.c.obj
                0x10001440                irq_set_exclusive_handler
 .text.irq_add_shared_handler
                0x10001494      0x1f4 CMakeFiles/Atv10-02.dir/C_/Users/amand/.pico-sdk/sdk/2.1.0/src/rp2_common/hardware_irq/irq.c.obj
                0x10001494                irq_add_shared_handler
 .text.irq_remove_handler
                0x10001688      0x1d4 CMakeFiles/Atv10-02.dir/C_/Users/amand/.pico-sdk/sdk/2.1.0/src/rp2_common/hardware_irq/irq.c.obj
                0x10001688                irq_remove_handler
 .text.irq_add_tail_to_free_list
                0x1000185c       0xb4 CMakeFiles/Atv10-02.dir/C_/Users/amand/.pico-sdk/sdk/2.1.0/src/rp2_common/hardware_irq/irq.c.obj
                0x1000185c                irq_add_tail_to_free_list
 .text.user_irq_claim_unused
                0x10001910       0x2c CMakeFiles/Atv10-02.dir/C_/Users/amand/.pico-sdk/sdk/2.1.0/src/rp2_common/hardware_irq/irq.c.obj
                0x10001910                user_irq_claim_unused
 .text.lock_init
                0x1000193c       0x10 CMakeFiles/Atv10-02.dir/C_/Users/amand/.pico-sdk/sdk/2.1.0/src/common/pico_sync/lock_core.c.obj
                0x1000193c                lock_init
 .text.runtime_init_mutex
                0x1000194c       0x50 CMakeFiles/Atv10-02.dir/C_/Users/amand/.pico-sdk/sdk/2.1.0/src/common/pico_sync/mutex.c.obj
                0x1000194c                runtime_init_mutex
 .text.mutex_init
                0x1000199c       0x1c CMakeFiles/Atv10-02.dir/C_/Users/amand/.pico-sdk/sdk/2.1.0/src/common/pico_sync/mutex.c.obj
                0x1000199c                mutex_init
 .text.critical_section_init
                0x100019b8       0x1c CMakeFiles/Atv10-02.dir/C_/Users/amand/.pico-sdk/sdk/2.1.0/src/common/pico_sync/critical_section.c.obj
                0x100019b8                critical_section_init
 .text.critical_section_init_with_lock_num
                0x100019d4       0x14 CMakeFiles/Atv10-02.dir/C_/Users/amand/.pico-sdk/sdk/2.1.0/src/common/pico_sync/critical_section.c.obj
                0x100019d4                critical_section_init_with_lock_num
 .text.sleep_until_callback
                0x100019e8       0x30 CMakeFiles/Atv10-02.dir/C_/Users/amand/.pico-sdk/sdk/2.1.0/src/common/pico_time/time.c.obj
 .text.alarm_pool_irq_handler
                0x10001a18      0x2fc CMakeFiles/Atv10-02.dir/C_/Users/amand/.pico-sdk/sdk/2.1.0/src/common/pico_time/time.c.obj
 .text.runtime_init_default_alarm_pool
                0x10001d14       0xdc CMakeFiles/Atv10-02.dir/C_/Users/amand/.pico-sdk/sdk/2.1.0/src/common/pico_time/time.c.obj
                0x10001d14                runtime_init_default_alarm_pool
 .text.alarm_pool_get_default
                0x10001df0        0x8 CMakeFiles/Atv10-02.dir/C_/Users/amand/.pico-sdk/sdk/2.1.0/src/common/pico_time/time.c.obj
                0x10001df0                alarm_pool_get_default
 .text.alarm_pool_add_alarm_at
                0x10001df8       0xd4 CMakeFiles/Atv10-02.dir/C_/Users/amand/.pico-sdk/sdk/2.1.0/src/common/pico_time/time.c.obj
                0x10001df8                alarm_pool_add_alarm_at
 .text.alarm_pool_add_alarm_at_force_in_context
                0x10001ecc       0xb0 CMakeFiles/Atv10-02.dir/C_/Users/amand/.pico-sdk/sdk/2.1.0/src/common/pico_time/time.c.obj
                0x10001ecc                alarm_pool_add_alarm_at_force_in_context
 .text.alarm_pool_cancel_alarm
                0x10001f7c       0x74 CMakeFiles/Atv10-02.dir/C_/Users/amand/.pico-sdk/sdk/2.1.0/src/common/pico_time/time.c.obj
                0x10001f7c                alarm_pool_cancel_alarm
 .text.alarm_pool_core_num
                0x10001ff0        0x4 CMakeFiles/Atv10-02.dir/C_/Users/amand/.pico-sdk/sdk/2.1.0/src/common/pico_time/time.c.obj
                0x10001ff0                alarm_pool_core_num
 .text.sleep_until
                0x10001ff4       0xd8 CMakeFiles/Atv10-02.dir/C_/Users/amand/.pico-sdk/sdk/2.1.0/src/common/pico_time/time.c.obj
                0x10001ff4                sleep_until
 .text.sleep_ms
                0x100020cc       0x38 CMakeFiles/Atv10-02.dir/C_/Users/amand/.pico-sdk/sdk/2.1.0/src/common/pico_time/time.c.obj
                0x100020cc                sleep_ms
 .text.best_effort_wfe_or_timeout
                0x10002104       0xe0 CMakeFiles/Atv10-02.dir/C_/Users/amand/.pico-sdk/sdk/2.1.0/src/common/pico_time/time.c.obj
                0x10002104                best_effort_wfe_or_timeout
 .text.timer_hardware_alarm_claim
                0x100021e4       0x14 CMakeFiles/Atv10-02.dir/C_/Users/amand/.pico-sdk/sdk/2.1.0/src/rp2_common/hardware_timer/timer.c.obj
                0x100021e4                timer_hardware_alarm_claim
 .text.timer_time_us_64
                0x100021f8       0x10 CMakeFiles/Atv10-02.dir/C_/Users/amand/.pico-sdk/sdk/2.1.0/src/rp2_common/hardware_timer/timer.c.obj
                0x100021f8                timer_time_us_64
 .text.time_us_64
                0x10002208       0x14 CMakeFiles/Atv10-02.dir/C_/Users/amand/.pico-sdk/sdk/2.1.0/src/rp2_common/hardware_timer/timer.c.obj
                0x10002208                time_us_64
 .text.busy_wait_us
                0x1000221c       0x68 CMakeFiles/Atv10-02.dir/C_/Users/amand/.pico-sdk/sdk/2.1.0/src/rp2_common/hardware_timer/timer.c.obj
                0x1000221c                busy_wait_us
 .text.busy_wait_until
                0x10002284       0x20 CMakeFiles/Atv10-02.dir/C_/Users/amand/.pico-sdk/sdk/2.1.0/src/rp2_common/hardware_timer/timer.c.obj
                0x10002284                busy_wait_until
 .text.uart_init
                0x100022a4      0x120 CMakeFiles/Atv10-02.dir/C_/Users/amand/.pico-sdk/sdk/2.1.0/src/rp2_common/hardware_uart/uart.c.obj
                0x100022a4                uart_init
 .text.clock_configure_int_divider
                0x100023c4       0xf4 CMakeFiles/Atv10-02.dir/C_/Users/amand/.pico-sdk/sdk/2.1.0/src/rp2_common/hardware_clocks/clocks.c.obj
                0x100023c4                clock_configure_int_divider
 .text.clock_configure_undivided
                0x100024b8       0xe8 CMakeFiles/Atv10-02.dir/C_/Users/amand/.pico-sdk/sdk/2.1.0/src/rp2_common/hardware_clocks/clocks.c.obj
                0x100024b8                clock_configure_undivided
 .text.clock_get_hz
                0x100025a0        0xc CMakeFiles/Atv10-02.dir/C_/Users/amand/.pico-sdk/sdk/2.1.0/src/rp2_common/hardware_clocks/clocks.c.obj
                0x100025a0                clock_get_hz
 .text.pll_init
                0x100025ac       0xa4 CMakeFiles/Atv10-02.dir/C_/Users/amand/.pico-sdk/sdk/2.1.0/src/rp2_common/hardware_pll/pll.c.obj
                0x100025ac                pll_init
 .text.watchdog_reboot
                0x10002650       0x9c CMakeFiles/Atv10-02.dir/C_/Users/amand/.pico-sdk/sdk/2.1.0/src/rp2_common/hardware_watchdog/watchdog.c.obj
                0x10002650                watchdog_reboot
 .text.tick_start
                0x100026ec       0x10 CMakeFiles/Atv10-02.dir/C_/Users/amand/.pico-sdk/sdk/2.1.0/src/rp2_common/hardware_ticks/ticks.c.obj
                0x100026ec                tick_start
 .text.rom_func_lookup
                0x100026fc       0x10 CMakeFiles/Atv10-02.dir/C_/Users/amand/.pico-sdk/sdk/2.1.0/src/rp2_common/pico_bootrom/bootrom.c.obj
                0x100026fc                rom_func_lookup
 .text.rom_data_lookup
                0x1000270c       0x10 CMakeFiles/Atv10-02.dir/C_/Users/amand/.pico-sdk/sdk/2.1.0/src/rp2_common/pico_bootrom/bootrom.c.obj
                0x1000270c                rom_data_lookup
 .text.rom_funcs_lookup
                0x1000271c       0x44 CMakeFiles/Atv10-02.dir/C_/Users/amand/.pico-sdk/sdk/2.1.0/src/rp2_common/pico_bootrom/bootrom.c.obj
                0x1000271c                rom_funcs_lookup
 .text.rom_reset_usb_boot
                0x10002760       0x20 CMakeFiles/Atv10-02.dir/C_/Users/amand/.pico-sdk/sdk/2.1.0/src/rp2_common/pico_bootrom/bootrom.c.obj
                0x10002760                rom_reset_usb_boot
 .text.rom_reset_usb_boot_extra
                0x10002780       0x28 CMakeFiles/Atv10-02.dir/C_/Users/amand/.pico-sdk/sdk/2.1.0/src/rp2_common/pico_bootrom/bootrom.c.obj
                0x10002780                rom_reset_usb_boot_extra
 .text.xosc_init
                0x100027a8       0x28 CMakeFiles/Atv10-02.dir/C_/Users/amand/.pico-sdk/sdk/2.1.0/src/rp2_common/hardware_xosc/xosc.c.obj
                0x100027a8                xosc_init
 .text.first_per_core_initializer
                0x100027d0        0x4 CMakeFiles/Atv10-02.dir/C_/Users/amand/.pico-sdk/sdk/2.1.0/src/rp2_common/pico_runtime/runtime.c.obj
 .text.hard_assertion_failure
                0x100027d4        0xc CMakeFiles/Atv10-02.dir/C_/Users/amand/.pico-sdk/sdk/2.1.0/src/rp2_common/pico_runtime/runtime.c.obj
                0x100027d4                hard_assertion_failure
 .text.runtime_run_initializers
                0x100027e0       0x28 CMakeFiles/Atv10-02.dir/C_/Users/amand/.pico-sdk/sdk/2.1.0/src/rp2_common/pico_runtime/runtime.c.obj
                0x100027e0                runtime_run_initializers
 .text.runtime_init_early_resets
                0x10002808       0x2c CMakeFiles/Atv10-02.dir/C_/Users/amand/.pico-sdk/sdk/2.1.0/src/rp2_common/pico_runtime_init/runtime_init.c.obj
                0x10002808                runtime_init_early_resets
 .text.runtime_init_usb_power_down
                0x10002834       0x1c CMakeFiles/Atv10-02.dir/C_/Users/amand/.pico-sdk/sdk/2.1.0/src/rp2_common/pico_runtime_init/runtime_init.c.obj
                0x10002834                runtime_init_usb_power_down
 .text.runtime_init_post_clock_resets
                0x10002850       0x20 CMakeFiles/Atv10-02.dir/C_/Users/amand/.pico-sdk/sdk/2.1.0/src/rp2_common/pico_runtime_init/runtime_init.c.obj
                0x10002850                runtime_init_post_clock_resets
 .text.runtime_init_rp2040_gpio_ie_disable
                0x10002870       0x14 CMakeFiles/Atv10-02.dir/C_/Users/amand/.pico-sdk/sdk/2.1.0/src/rp2_common/pico_runtime_init/runtime_init.c.obj
                0x10002870                runtime_init_rp2040_gpio_ie_disable
 .text.runtime_init_spin_locks_reset
                0x10002884        0x8 CMakeFiles/Atv10-02.dir/C_/Users/amand/.pico-sdk/sdk/2.1.0/src/rp2_common/pico_runtime_init/runtime_init.c.obj
                0x10002884                runtime_init_spin_locks_reset
 .text.runtime_init_install_ram_vector_table
                0x1000288c       0x1c CMakeFiles/Atv10-02.dir/C_/Users/amand/.pico-sdk/sdk/2.1.0/src/rp2_common/pico_runtime_init/runtime_init.c.obj
                0x1000288c                runtime_init_install_ram_vector_table
 .text.runtime_init_clocks
                0x100028a8       0xd8 CMakeFiles/Atv10-02.dir/C_/Users/amand/.pico-sdk/sdk/2.1.0/src/rp2_common/pico_runtime_init/runtime_init_clocks.c.obj
                0x100028a8                runtime_init_clocks
 .text          0x10002980       0x10 CMakeFiles/Atv10-02.dir/C_/Users/amand/.pico-sdk/sdk/2.1.0/src/rp2_common/pico_bit_ops/bit_ops_aeabi.S.obj
 .text.__wrap___aeabi_idiv
                0x10002990       0x50 CMakeFiles/Atv10-02.dir/C_/Users/amand/.pico-sdk/sdk/2.1.0/src/rp2_common/pico_divider/divider_hardware.S.obj
                0x10002990                __wrap___aeabi_idivmod
                0x10002990                divmod_s32s32
                0x10002990                div_s32s32
                0x10002990                __wrap___aeabi_idiv
                0x10002998                divmod_s32s32_unsafe
                0x100029c4                divmod_s32s32_savestate
 .text.__wrap___aeabi_uidiv
                0x100029e0       0x4c CMakeFiles/Atv10-02.dir/C_/Users/amand/.pico-sdk/sdk/2.1.0/src/rp2_common/pico_divider/divider_hardware.S.obj
                0x100029e0                __wrap___aeabi_uidiv
                0x100029e0                __wrap___aeabi_uidivmod
                0x100029e0                div_u32u32
                0x100029e0                divmod_u32u32
                0x100029e8                divmod_u32u32_unsafe
                0x10002a10                divmod_u32u32_savestate
 .text.__wrap___aeabi_ldiv
                0x10002a2c      0x424 CMakeFiles/Atv10-02.dir/C_/Users/amand/.pico-sdk/sdk/2.1.0/src/rp2_common/pico_divider/divider_hardware.S.obj
                0x10002a2c                div_s64s64
                0x10002a2c                divmod_s64s64
                0x10002a2c                __wrap___aeabi_ldivmod
                0x10002a5c                divmod_u64u64
                0x10002a5c                div_u64u64
                0x10002a5c                __wrap___aeabi_uldivmod
                0x10002a6c                divmod_u64u64_savestate
                0x10002a8c                divmod_s64s64_unsafe
                0x10002b14                divmod_u64u64_unsafe
 .text.__wrap___aeabi_darithmetic
                0x10002e50       0x60 CMakeFiles/Atv10-02.dir/C_/Users/amand/.pico-sdk/sdk/2.1.0/src/rp2_common/pico_double/double_aeabi_rp2040.S.obj
                0x10002e50                __wrap___aeabi_drsub
                0x10002e56                __wrap___aeabi_dsub
                0x10002e60                __wrap___aeabi_dadd
                0x10002e6a                __wrap___aeabi_ddiv
                0x10002e9e                __wrap___aeabi_dmul
 .text.__wrap___aeabi_cdcmple
                0x10002eb0       0x6c CMakeFiles/Atv10-02.dir/C_/Users/amand/.pico-sdk/sdk/2.1.0/src/rp2_common/pico_double/double_aeabi_rp2040.S.obj
                0x10002eb0                __wrap___aeabi_cdrcmple
                0x10002ec0                __wrap___aeabi_cdcmpeq
                0x10002ec0                __wrap___aeabi_cdcmple
 .text.__wrap___aeabi_dcmplt
                0x10002f1c        0xc CMakeFiles/Atv10-02.dir/C_/Users/amand/.pico-sdk/sdk/2.1.0/src/rp2_common/pico_double/double_aeabi_rp2040.S.obj
                0x10002f1c                __wrap___aeabi_dcmplt
 .text.__wrap___aeabi_dcmpge
                0x10002f28       0x10 CMakeFiles/Atv10-02.dir/C_/Users/amand/.pico-sdk/sdk/2.1.0/src/rp2_common/pico_double/double_aeabi_rp2040.S.obj
                0x10002f28                __wrap___aeabi_dcmpge
 .text.__wrap___aeabi_dcmpgt
                0x10002f38        0xa CMakeFiles/Atv10-02.dir/C_/Users/amand/.pico-sdk/sdk/2.1.0/src/rp2_common/pico_double/double_aeabi_rp2040.S.obj
                0x10002f38                __wrap___aeabi_dcmpgt
 .text.__wrap___aeabi_dcmpun
                0x10002f42       0x18 CMakeFiles/Atv10-02.dir/C_/Users/amand/.pico-sdk/sdk/2.1.0/src/rp2_common/pico_double/double_aeabi_rp2040.S.obj
                0x10002f42                __wrap___aeabi_dcmpun
 *fill*         0x10002f5a        0x2 
 .text.__wrap___aeabi_i2d
                0x10002f5c       0x38 CMakeFiles/Atv10-02.dir/C_/Users/amand/.pico-sdk/sdk/2.1.0/src/rp2_common/pico_double/double_aeabi_rp2040.S.obj
                0x10002f5c                __wrap___aeabi_ui2d
                0x10002f64                __wrap___aeabi_i2d
 .text.__wrap___aeabi_d2iz
                0x10002f94       0x48 CMakeFiles/Atv10-02.dir/C_/Users/amand/.pico-sdk/sdk/2.1.0/src/rp2_common/pico_double/double_aeabi_rp2040.S.obj
                0x10002f94                double2int_z
                0x10002f94                __wrap___aeabi_d2iz
 .text.__wrap___aeabi_d2uiz
                0x10002fdc       0x10 CMakeFiles/Atv10-02.dir/C_/Users/amand/.pico-sdk/sdk/2.1.0/src/rp2_common/pico_double/double_aeabi_rp2040.S.obj
                0x10002fdc                __wrap___aeabi_d2uiz
                0x10002fdc                double2uint
 .text.missing_double_func_shim
                0x10002fec        0xc CMakeFiles/Atv10-02.dir/C_/Users/amand/.pico-sdk/sdk/2.1.0/src/rp2_common/pico_double/double_init_rom_rp2040.c.obj
 .text.__aeabi_double_init
                0x10002ff8       0xa0 CMakeFiles/Atv10-02.dir/C_/Users/amand/.pico-sdk/sdk/2.1.0/src/rp2_common/pico_double/double_init_rom_rp2040.c.obj
                0x10002ff8                __aeabi_double_init
 .text.double_table_shim_on_use_helper
                0x10003098       0x2c CMakeFiles/Atv10-02.dir/C_/Users/amand/.pico-sdk/sdk/2.1.0/src/rp2_common/pico_double/double_v1_rom_shim_rp2040.S.obj
                0x10003098                double_table_shim_on_use_helper
 .text.__aeabi_lmul
                0x100030c4       0x32 CMakeFiles/Atv10-02.dir/C_/Users/amand/.pico-sdk/sdk/2.1.0/src/rp2_common/pico_int64_ops/pico_int64_ops_aeabi.S.obj
                0x100030c4                __wrap___aeabi_lmul
 *fill*         0x100030f6        0x2 
 .text.missing_float_func_shim
                0x100030f8        0xc CMakeFiles/Atv10-02.dir/C_/Users/amand/.pico-sdk/sdk/2.1.0/src/rp2_common/pico_float/float_init_rom_rp2040.c.obj
 .text.__aeabi_float_init
                0x10003104       0x5c CMakeFiles/Atv10-02.dir/C_/Users/amand/.pico-sdk/sdk/2.1.0/src/rp2_common/pico_float/float_init_rom_rp2040.c.obj
                0x10003104                __aeabi_float_init
 .text.__wrap_calloc
                0x10003160       0x28 CMakeFiles/Atv10-02.dir/C_/Users/amand/.pico-sdk/sdk/2.1.0/src/rp2_common/pico_malloc/malloc.c.obj
                0x10003160                __wrap_calloc
 .text          0x10003188       0x10 CMakeFiles/Atv10-02.dir/C_/Users/amand/.pico-sdk/sdk/2.1.0/src/rp2_common/pico_mem_ops/mem_ops_aeabi.S.obj
                0x10003188                __aeabi_mem_init
 .text.memset   0x10003198        0xc CMakeFiles/Atv10-02.dir/C_/Users/amand/.pico-sdk/sdk/2.1.0/src/rp2_common/pico_mem_ops/mem_ops_aeabi.S.obj
                0x10003198                __wrap_memset
 .text.memcpy   0x100031a4        0xc CMakeFiles/Atv10-02.dir/C_/Users/amand/.pico-sdk/sdk/2.1.0/src/rp2_common/pico_mem_ops/mem_ops_aeabi.S.obj
                0x100031a4                __wrap_memcpy
                0x100031a4                __wrap___aeabi_memcpy
 .text._out_null
                0x100031b0        0x4 CMakeFiles/Atv10-02.dir/C_/Users/amand/.pico-sdk/sdk/2.1.0/src/rp2_common/pico_printf/printf.c.obj
 .text._out_rev
                0x100031b4       0xac CMakeFiles/Atv10-02.dir/C_/Users/amand/.pico-sdk/sdk/2.1.0/src/rp2_common/pico_printf/printf.c.obj
 .text._ntoa_format
                0x10003260      0x250 CMakeFiles/Atv10-02.dir/C_/Users/amand/.pico-sdk/sdk/2.1.0/src/rp2_common/pico_printf/printf.c.obj
 .text._out_char
                0x100034b0       0x10 CMakeFiles/Atv10-02.dir/C_/Users/amand/.pico-sdk/sdk/2.1.0/src/rp2_common/pico_printf/printf.c.obj
 .text._out_fct
                0x100034c0       0x10 CMakeFiles/Atv10-02.dir/C_/Users/amand/.pico-sdk/sdk/2.1.0/src/rp2_common/pico_printf/printf.c.obj
 .text._etoa    0x100034d0      0x464 CMakeFiles/Atv10-02.dir/C_/Users/amand/.pico-sdk/sdk/2.1.0/src/rp2_common/pico_printf/printf.c.obj
 .text._ftoa    0x10003934      0x3c0 CMakeFiles/Atv10-02.dir/C_/Users/amand/.pico-sdk/sdk/2.1.0/src/rp2_common/pico_printf/printf.c.obj
 .text._vsnprintf
                0x10003cf4      0xbc8 CMakeFiles/Atv10-02.dir/C_/Users/amand/.pico-sdk/sdk/2.1.0/src/rp2_common/pico_printf/printf.c.obj
 .text.vfctprintf
                0x100048bc       0x20 CMakeFiles/Atv10-02.dir/C_/Users/amand/.pico-sdk/sdk/2.1.0/src/rp2_common/pico_printf/printf.c.obj
                0x100048bc                vfctprintf
 .text.weak_raw_vprintf
                0x100048dc       0x30 CMakeFiles/Atv10-02.dir/C_/Users/amand/.pico-sdk/sdk/2.1.0/src/rp2_common/pico_printf/printf.c.obj
                0x100048dc                weak_raw_vprintf
 .text._exit    0x1000490c        0x4 CMakeFiles/Atv10-02.dir/C_/Users/amand/.pico-sdk/sdk/2.1.0/src/rp2_common/pico_clib_interface/newlib_interface.c.obj
                0x1000490c                _exit
 .text._sbrk    0x10004910       0x34 CMakeFiles/Atv10-02.dir/C_/Users/amand/.pico-sdk/sdk/2.1.0/src/rp2_common/pico_clib_interface/newlib_interface.c.obj
                0x10004910                _sbrk
 .text.exit     0x10004944        0x8 CMakeFiles/Atv10-02.dir/C_/Users/amand/.pico-sdk/sdk/2.1.0/src/rp2_common/pico_clib_interface/newlib_interface.c.obj
                0x10004944                exit
 .text.runtime_init
                0x1000494c       0x2c CMakeFiles/Atv10-02.dir/C_/Users/amand/.pico-sdk/sdk/2.1.0/src/rp2_common/pico_clib_interface/newlib_interface.c.obj
                0x1000494c                runtime_init
 .text.stdio_out_chars_no_crlf
                0x10004978       0x10 CMakeFiles/Atv10-02.dir/C_/Users/amand/.pico-sdk/sdk/2.1.0/src/rp2_common/pico_stdio/stdio.c.obj
 .text.stdio_out_chars_crlf
                0x10004988       0x94 CMakeFiles/Atv10-02.dir/C_/Users/amand/.pico-sdk/sdk/2.1.0/src/rp2_common/pico_stdio/stdio.c.obj
 .text.stdio_buffered_printer
                0x10004a1c       0x64 CMakeFiles/Atv10-02.dir/C_/Users/amand/.pico-sdk/sdk/2.1.0/src/rp2_common/pico_stdio/stdio.c.obj
 .text.stdio_put_string
                0x10004a80      0x100 CMakeFiles/Atv10-02.dir/C_/Users/amand/.pico-sdk/sdk/2.1.0/src/rp2_common/pico_stdio/stdio.c.obj
                0x10004a80                stdio_put_string
 .text.stdio_set_driver_enabled
                0x10004b80       0x30 CMakeFiles/Atv10-02.dir/C_/Users/amand/.pico-sdk/sdk/2.1.0/src/rp2_common/pico_stdio/stdio.c.obj
                0x10004b80                stdio_set_driver_enabled
 .text.stdio_init_all
                0x10004bb0       0x10 CMakeFiles/Atv10-02.dir/C_/Users/amand/.pico-sdk/sdk/2.1.0/src/rp2_common/pico_stdio/stdio.c.obj
                0x10004bb0                stdio_init_all
 .text.__wrap_putchar
                0x10004bc0       0x98 CMakeFiles/Atv10-02.dir/C_/Users/amand/.pico-sdk/sdk/2.1.0/src/rp2_common/pico_stdio/stdio.c.obj
                0x10004bc0                __wrap_putchar
                0x10004bc0                stdio_putchar
 .text.__wrap_puts
                0x10004c58       0x3c CMakeFiles/Atv10-02.dir/C_/Users/amand/.pico-sdk/sdk/2.1.0/src/rp2_common/pico_stdio/stdio.c.obj
                0x10004c58                stdio_puts
                0x10004c58                __wrap_puts
 .text.__wrap_vprintf
                0x10004c94       0xd4 CMakeFiles/Atv10-02.dir/C_/Users/amand/.pico-sdk/sdk/2.1.0/src/rp2_common/pico_stdio/stdio.c.obj
                0x10004c94                stdio_vprintf
                0x10004c94                __wrap_vprintf
 .text.__wrap_printf
                0x10004d68       0x18 CMakeFiles/Atv10-02.dir/C_/Users/amand/.pico-sdk/sdk/2.1.0/src/rp2_common/pico_stdio/stdio.c.obj
                0x10004d68                __wrap_printf
                0x10004d68                stdio_printf
 .text.stdio_uart_out_chars
                0x10004d80       0x4c CMakeFiles/Atv10-02.dir/C_/Users/amand/.pico-sdk/sdk/2.1.0/src/rp2_common/pico_stdio_uart/stdio_uart.c.obj
 .text.stdio_uart_in_chars
                0x10004dcc       0x90 CMakeFiles/Atv10-02.dir/C_/Users/amand/.pico-sdk/sdk/2.1.0/src/rp2_common/pico_stdio_uart/stdio_uart.c.obj
                0x10004dcc                stdio_uart_in_chars
 .text.on_uart_rx
                0x10004e5c       0x28 CMakeFiles/Atv10-02.dir/C_/Users/amand/.pico-sdk/sdk/2.1.0/src/rp2_common/pico_stdio_uart/stdio_uart.c.obj
 .text.stdio_uart_out_flush
                0x10004e84       0x14 CMakeFiles/Atv10-02.dir/C_/Users/amand/.pico-sdk/sdk/2.1.0/src/rp2_common/pico_stdio_uart/stdio_uart.c.obj
 .text.stdio_uart_set_chars_available_callback
                0x10004e98       0x84 CMakeFiles/Atv10-02.dir/C_/Users/amand/.pico-sdk/sdk/2.1.0/src/rp2_common/pico_stdio_uart/stdio_uart.c.obj
 .text.stdio_uart_init
                0x10004f1c       0x50 CMakeFiles/Atv10-02.dir/C_/Users/amand/.pico-sdk/sdk/2.1.0/src/rp2_common/pico_stdio_uart/stdio_uart.c.obj
                0x10004f1c                stdio_uart_init
 .text.resetd_init
                0x10004f6c        0x4 CMakeFiles/Atv10-02.dir/C_/Users/amand/.pico-sdk/sdk/2.1.0/src/rp2_common/pico_stdio_usb/reset_interface.c.obj
 .text.resetd_reset
                0x10004f70        0xc CMakeFiles/Atv10-02.dir/C_/Users/amand/.pico-sdk/sdk/2.1.0/src/rp2_common/pico_stdio_usb/reset_interface.c.obj
 .text.resetd_open
                0x10004f7c       0x28 CMakeFiles/Atv10-02.dir/C_/Users/amand/.pico-sdk/sdk/2.1.0/src/rp2_common/pico_stdio_usb/reset_interface.c.obj
 .text.resetd_xfer_cb
                0x10004fa4        0x4 CMakeFiles/Atv10-02.dir/C_/Users/amand/.pico-sdk/sdk/2.1.0/src/rp2_common/pico_stdio_usb/reset_interface.c.obj
 .text.resetd_control_xfer_cb
                0x10004fa8       0x5c CMakeFiles/Atv10-02.dir/C_/Users/amand/.pico-sdk/sdk/2.1.0/src/rp2_common/pico_stdio_usb/reset_interface.c.obj
 .text.tud_descriptor_bos_cb
                0x10005004        0x8 CMakeFiles/Atv10-02.dir/C_/Users/amand/.pico-sdk/sdk/2.1.0/src/rp2_common/pico_stdio_usb/reset_interface.c.obj
                0x10005004                tud_descriptor_bos_cb
 .text.tud_vendor_control_xfer_cb
                0x1000500c       0x34 CMakeFiles/Atv10-02.dir/C_/Users/amand/.pico-sdk/sdk/2.1.0/src/rp2_common/pico_stdio_usb/reset_interface.c.obj
                0x1000500c                tud_vendor_control_xfer_cb
 .text.usbd_app_driver_get_cb
                0x10005040        0xc CMakeFiles/Atv10-02.dir/C_/Users/amand/.pico-sdk/sdk/2.1.0/src/rp2_common/pico_stdio_usb/reset_interface.c.obj
                0x10005040                usbd_app_driver_get_cb
 .text.tud_cdc_line_coding_cb
                0x1000504c       0x2c CMakeFiles/Atv10-02.dir/C_/Users/amand/.pico-sdk/sdk/2.1.0/src/rp2_common/pico_stdio_usb/reset_interface.c.obj
                0x1000504c                tud_cdc_line_coding_cb
 .text.stdio_usb_set_chars_available_callback
                0x10005078       0x14 CMakeFiles/Atv10-02.dir/C_/Users/amand/.pico-sdk/sdk/2.1.0/src/rp2_common/pico_stdio_usb/stdio_usb.c.obj
                0x10005078                stdio_usb_set_chars_available_callback
 .text.usb_irq  0x1000508c       0x10 CMakeFiles/Atv10-02.dir/C_/Users/amand/.pico-sdk/sdk/2.1.0/src/rp2_common/pico_stdio_usb/stdio_usb.c.obj
 .text.timer_task
                0x1000509c       0x64 CMakeFiles/Atv10-02.dir/C_/Users/amand/.pico-sdk/sdk/2.1.0/src/rp2_common/pico_stdio_usb/stdio_usb.c.obj
 .text.stdio_usb_in_chars
                0x10005100       0x90 CMakeFiles/Atv10-02.dir/C_/Users/amand/.pico-sdk/sdk/2.1.0/src/rp2_common/pico_stdio_usb/stdio_usb.c.obj
                0x10005100                stdio_usb_in_chars
 .text.stdio_usb_out_flush
                0x10005190       0x50 CMakeFiles/Atv10-02.dir/C_/Users/amand/.pico-sdk/sdk/2.1.0/src/rp2_common/pico_stdio_usb/stdio_usb.c.obj
 .text.stdio_usb_out_chars
                0x100051e0      0x104 CMakeFiles/Atv10-02.dir/C_/Users/amand/.pico-sdk/sdk/2.1.0/src/rp2_common/pico_stdio_usb/stdio_usb.c.obj
 .text.low_priority_worker_irq
                0x100052e4       0xcc CMakeFiles/Atv10-02.dir/C_/Users/amand/.pico-sdk/sdk/2.1.0/src/rp2_common/pico_stdio_usb/stdio_usb.c.obj
 .text.stdio_usb_init
                0x100053b0       0xe8 CMakeFiles/Atv10-02.dir/C_/Users/amand/.pico-sdk/sdk/2.1.0/src/rp2_common/pico_stdio_usb/stdio_usb.c.obj
                0x100053b0                stdio_usb_init
 .text.tud_descriptor_device_cb
                0x10005498        0x8 CMakeFiles/Atv10-02.dir/C_/Users/amand/.pico-sdk/sdk/2.1.0/src/rp2_common/pico_stdio_usb/stdio_usb_descriptors.c.obj
                0x10005498                tud_descriptor_device_cb
 .text.tud_descriptor_configuration_cb
                0x100054a0        0x8 CMakeFiles/Atv10-02.dir/C_/Users/amand/.pico-sdk/sdk/2.1.0/src/rp2_common/pico_stdio_usb/stdio_usb_descriptors.c.obj
                0x100054a0                tud_descriptor_configuration_cb
 .text.tud_descriptor_string_cb
                0x100054a8       0x78 CMakeFiles/Atv10-02.dir/C_/Users/amand/.pico-sdk/sdk/2.1.0/src/rp2_common/pico_stdio_usb/stdio_usb_descriptors.c.obj
                0x100054a8                tud_descriptor_string_cb
 .text.startup._retrieve_unique_id_on_boot
                0x10005520       0x10 CMakeFiles/Atv10-02.dir/C_/Users/amand/.pico-sdk/sdk/2.1.0/src/rp2_common/pico_unique_id/unique_id.c.obj
 .text.pico_get_unique_board_id_string
                0x10005530      0x1a8 CMakeFiles/Atv10-02.dir/C_/Users/amand/.pico-sdk/sdk/2.1.0/src/rp2_common/pico_unique_id/unique_id.c.obj
                0x10005530                pico_get_unique_board_id_string
 .text.flash_get_unique_id
                0x100056d8       0x3c CMakeFiles/Atv10-02.dir/C_/Users/amand/.pico-sdk/sdk/2.1.0/src/rp2_common/hardware_flash/flash.c.obj
                0x100056d8                flash_get_unique_id
 .text.dcd_init
                0x10005714       0x8c CMakeFiles/Atv10-02.dir/C_/Users/amand/.pico-sdk/sdk/2.1.0/lib/tinyusb/src/portable/raspberrypi/rp2040/dcd_rp2040.c.obj
                0x10005714                dcd_init
 .text.dcd_int_enable
                0x100057a0        0xc CMakeFiles/Atv10-02.dir/C_/Users/amand/.pico-sdk/sdk/2.1.0/lib/tinyusb/src/portable/raspberrypi/rp2040/dcd_rp2040.c.obj
                0x100057a0                dcd_int_enable
 .text.dcd_set_address
                0x100057ac       0x14 CMakeFiles/Atv10-02.dir/C_/Users/amand/.pico-sdk/sdk/2.1.0/lib/tinyusb/src/portable/raspberrypi/rp2040/dcd_rp2040.c.obj
                0x100057ac                dcd_set_address
 .text.dcd_sof_enable
                0x100057c0       0x1c CMakeFiles/Atv10-02.dir/C_/Users/amand/.pico-sdk/sdk/2.1.0/lib/tinyusb/src/portable/raspberrypi/rp2040/dcd_rp2040.c.obj
                0x100057c0                dcd_sof_enable
 .text.dcd_edpt0_status_complete
                0x100057dc       0x1c CMakeFiles/Atv10-02.dir/C_/Users/amand/.pico-sdk/sdk/2.1.0/lib/tinyusb/src/portable/raspberrypi/rp2040/dcd_rp2040.c.obj
                0x100057dc                dcd_edpt0_status_complete
 .text.dcd_edpt_open
                0x100057f8      0x108 CMakeFiles/Atv10-02.dir/C_/Users/amand/.pico-sdk/sdk/2.1.0/lib/tinyusb/src/portable/raspberrypi/rp2040/dcd_rp2040.c.obj
                0x100057f8                dcd_edpt_open
 .text.dcd_edpt_close_all
                0x10005900        0x8 CMakeFiles/Atv10-02.dir/C_/Users/amand/.pico-sdk/sdk/2.1.0/lib/tinyusb/src/portable/raspberrypi/rp2040/dcd_rp2040.c.obj
                0x10005900                dcd_edpt_close_all
 .text.dcd_edpt_xfer
                0x10005908       0x24 CMakeFiles/Atv10-02.dir/C_/Users/amand/.pico-sdk/sdk/2.1.0/lib/tinyusb/src/portable/raspberrypi/rp2040/dcd_rp2040.c.obj
                0x10005908                dcd_edpt_xfer
 .text.dcd_edpt_stall
                0x1000592c       0x34 CMakeFiles/Atv10-02.dir/C_/Users/amand/.pico-sdk/sdk/2.1.0/lib/tinyusb/src/portable/raspberrypi/rp2040/dcd_rp2040.c.obj
                0x1000592c                dcd_edpt_stall
 .text.dcd_edpt_clear_stall
                0x10005960       0x30 CMakeFiles/Atv10-02.dir/C_/Users/amand/.pico-sdk/sdk/2.1.0/lib/tinyusb/src/portable/raspberrypi/rp2040/dcd_rp2040.c.obj
                0x10005960                dcd_edpt_clear_stall
 .text.rp2040_usb_init
                0x10005990       0x40 CMakeFiles/Atv10-02.dir/C_/Users/amand/.pico-sdk/sdk/2.1.0/lib/tinyusb/src/portable/raspberrypi/rp2040/rp2040_usb.c.obj
                0x10005990                rp2040_usb_init
 .text.hw_endpoint_xfer_start
                0x100059d0       0x40 CMakeFiles/Atv10-02.dir/C_/Users/amand/.pico-sdk/sdk/2.1.0/lib/tinyusb/src/portable/raspberrypi/rp2040/rp2040_usb.c.obj
                0x100059d0                hw_endpoint_xfer_start
 .text.tud_event_hook_cb
                0x10005a10        0x4 CMakeFiles/Atv10-02.dir/C_/Users/amand/.pico-sdk/sdk/2.1.0/lib/tinyusb/src/device/usbd.c.obj
                0x10005a10                tud_event_hook_cb
 .text.tud_sof_cb
                0x10005a14        0x4 CMakeFiles/Atv10-02.dir/C_/Users/amand/.pico-sdk/sdk/2.1.0/lib/tinyusb/src/device/usbd.c.obj
                0x10005a14                tud_sof_cb
 .text.tud_descriptor_device_qualifier_cb
                0x10005a18        0x4 CMakeFiles/Atv10-02.dir/C_/Users/amand/.pico-sdk/sdk/2.1.0/lib/tinyusb/src/device/usbd.c.obj
                0x10005a18                tud_descriptor_device_qualifier_cb
 .text.tud_descriptor_other_speed_configuration_cb
                0x10005a1c        0x4 CMakeFiles/Atv10-02.dir/C_/Users/amand/.pico-sdk/sdk/2.1.0/lib/tinyusb/src/device/usbd.c.obj
                0x10005a1c                tud_descriptor_other_speed_configuration_cb
 .text.tud_mount_cb
                0x10005a20        0x4 CMakeFiles/Atv10-02.dir/C_/Users/amand/.pico-sdk/sdk/2.1.0/lib/tinyusb/src/device/usbd.c.obj
                0x10005a20                tud_mount_cb
 .text.tud_umount_cb
                0x10005a24        0x4 CMakeFiles/Atv10-02.dir/C_/Users/amand/.pico-sdk/sdk/2.1.0/lib/tinyusb/src/device/usbd.c.obj
                0x10005a24                tud_umount_cb
 .text.tud_suspend_cb
                0x10005a28        0x4 CMakeFiles/Atv10-02.dir/C_/Users/amand/.pico-sdk/sdk/2.1.0/lib/tinyusb/src/device/usbd.c.obj
                0x10005a28                tud_suspend_cb
 .text.tud_resume_cb
                0x10005a2c        0x4 CMakeFiles/Atv10-02.dir/C_/Users/amand/.pico-sdk/sdk/2.1.0/lib/tinyusb/src/device/usbd.c.obj
                0x10005a2c                tud_resume_cb
 .text.tud_mounted
                0x10005a30       0x10 CMakeFiles/Atv10-02.dir/C_/Users/amand/.pico-sdk/sdk/2.1.0/lib/tinyusb/src/device/usbd.c.obj
                0x10005a30                tud_mounted
 .text.tud_suspended
                0x10005a40       0x10 CMakeFiles/Atv10-02.dir/C_/Users/amand/.pico-sdk/sdk/2.1.0/lib/tinyusb/src/device/usbd.c.obj
                0x10005a40                tud_suspended
 .text.tud_init
                0x10005a50       0xe4 CMakeFiles/Atv10-02.dir/C_/Users/amand/.pico-sdk/sdk/2.1.0/lib/tinyusb/src/device/usbd.c.obj
                0x10005a50                tud_init
 .text.tud_task_ext
                0x10005b34      0x800 CMakeFiles/Atv10-02.dir/C_/Users/amand/.pico-sdk/sdk/2.1.0/lib/tinyusb/src/device/usbd.c.obj
                0x10005b34                tud_task_ext
 .text.usbd_open_edpt_pair
                0x10006334       0x9c CMakeFiles/Atv10-02.dir/C_/Users/amand/.pico-sdk/sdk/2.1.0/lib/tinyusb/src/device/usbd.c.obj
                0x10006334                usbd_open_edpt_pair
 .text.usbd_edpt_open
                0x100063d0       0x34 CMakeFiles/Atv10-02.dir/C_/Users/amand/.pico-sdk/sdk/2.1.0/lib/tinyusb/src/device/usbd.c.obj
                0x100063d0                usbd_edpt_open
 .text.usbd_edpt_claim
                0x10006404       0x28 CMakeFiles/Atv10-02.dir/C_/Users/amand/.pico-sdk/sdk/2.1.0/lib/tinyusb/src/device/usbd.c.obj
                0x10006404                usbd_edpt_claim
 .text.usbd_edpt_release
                0x1000642c       0x28 CMakeFiles/Atv10-02.dir/C_/Users/amand/.pico-sdk/sdk/2.1.0/lib/tinyusb/src/device/usbd.c.obj
                0x1000642c                usbd_edpt_release
 .text.usbd_edpt_xfer
                0x10006454       0x4c CMakeFiles/Atv10-02.dir/C_/Users/amand/.pico-sdk/sdk/2.1.0/lib/tinyusb/src/device/usbd.c.obj
                0x10006454                usbd_edpt_xfer
 .text.tud_control_status
                0x100064a0       0x2c CMakeFiles/Atv10-02.dir/C_/Users/amand/.pico-sdk/sdk/2.1.0/lib/tinyusb/src/device/usbd_control.c.obj
                0x100064a0                tud_control_status
 .text.tud_control_xfer
                0x100064cc       0xac CMakeFiles/Atv10-02.dir/C_/Users/amand/.pico-sdk/sdk/2.1.0/lib/tinyusb/src/device/usbd_control.c.obj
                0x100064cc                tud_control_xfer
 .text.usbd_control_reset
                0x10006578       0x14 CMakeFiles/Atv10-02.dir/C_/Users/amand/.pico-sdk/sdk/2.1.0/lib/tinyusb/src/device/usbd_control.c.obj
                0x10006578                usbd_control_reset
 .text.usbd_control_set_complete_callback
                0x1000658c        0xc CMakeFiles/Atv10-02.dir/C_/Users/amand/.pico-sdk/sdk/2.1.0/lib/tinyusb/src/device/usbd_control.c.obj
                0x1000658c                usbd_control_set_complete_callback
 .text.usbd_control_set_request
                0x10006598       0x1c CMakeFiles/Atv10-02.dir/C_/Users/amand/.pico-sdk/sdk/2.1.0/lib/tinyusb/src/device/usbd_control.c.obj
                0x10006598                usbd_control_set_request
 .text.usbd_control_xfer_cb
                0x100065b4       0xec CMakeFiles/Atv10-02.dir/C_/Users/amand/.pico-sdk/sdk/2.1.0/lib/tinyusb/src/device/usbd_control.c.obj
                0x100065b4                usbd_control_xfer_cb
 .text._prep_out_transaction.isra.0
                0x100066a0       0x5c CMakeFiles/Atv10-02.dir/C_/Users/amand/.pico-sdk/sdk/2.1.0/lib/tinyusb/src/class/cdc/cdc_device.c.obj
 .text.tud_cdc_n_connected
                0x100066fc       0x30 CMakeFiles/Atv10-02.dir/C_/Users/amand/.pico-sdk/sdk/2.1.0/lib/tinyusb/src/class/cdc/cdc_device.c.obj
                0x100066fc                tud_cdc_n_connected
 .text.tud_cdc_n_available
                0x1000672c       0x18 CMakeFiles/Atv10-02.dir/C_/Users/amand/.pico-sdk/sdk/2.1.0/lib/tinyusb/src/class/cdc/cdc_device.c.obj
                0x1000672c                tud_cdc_n_available
 .text.tud_cdc_n_read
                0x10006744       0x98 CMakeFiles/Atv10-02.dir/C_/Users/amand/.pico-sdk/sdk/2.1.0/lib/tinyusb/src/class/cdc/cdc_device.c.obj
                0x10006744                tud_cdc_n_read
 .text.tud_cdc_n_write_flush
                0x100067dc       0x78 CMakeFiles/Atv10-02.dir/C_/Users/amand/.pico-sdk/sdk/2.1.0/lib/tinyusb/src/class/cdc/cdc_device.c.obj
                0x100067dc                tud_cdc_n_write_flush
 .text.tud_cdc_n_write
                0x10006854       0x40 CMakeFiles/Atv10-02.dir/C_/Users/amand/.pico-sdk/sdk/2.1.0/lib/tinyusb/src/class/cdc/cdc_device.c.obj
                0x10006854                tud_cdc_n_write
 .text.tud_cdc_n_write_available
                0x10006894       0x18 CMakeFiles/Atv10-02.dir/C_/Users/amand/.pico-sdk/sdk/2.1.0/lib/tinyusb/src/class/cdc/cdc_device.c.obj
                0x10006894                tud_cdc_n_write_available
 .text.cdcd_init
                0x100068ac       0x7c CMakeFiles/Atv10-02.dir/C_/Users/amand/.pico-sdk/sdk/2.1.0/lib/tinyusb/src/class/cdc/cdc_device.c.obj
                0x100068ac                cdcd_init
 .text.cdcd_deinit
                0x10006928       0x34 CMakeFiles/Atv10-02.dir/C_/Users/amand/.pico-sdk/sdk/2.1.0/lib/tinyusb/src/class/cdc/cdc_device.c.obj
                0x10006928                cdcd_deinit
 .text.cdcd_reset
                0x1000695c       0x4c CMakeFiles/Atv10-02.dir/C_/Users/amand/.pico-sdk/sdk/2.1.0/lib/tinyusb/src/class/cdc/cdc_device.c.obj
                0x1000695c                cdcd_reset
 .text.cdcd_open
                0x100069a8       0xb0 CMakeFiles/Atv10-02.dir/C_/Users/amand/.pico-sdk/sdk/2.1.0/lib/tinyusb/src/class/cdc/cdc_device.c.obj
                0x100069a8                cdcd_open
 .text.cdcd_control_xfer_cb
                0x10006a58       0xe4 CMakeFiles/Atv10-02.dir/C_/Users/amand/.pico-sdk/sdk/2.1.0/lib/tinyusb/src/class/cdc/cdc_device.c.obj
                0x10006a58                cdcd_control_xfer_cb
 .text.cdcd_xfer_cb
                0x10006b3c      0x100 CMakeFiles/Atv10-02.dir/C_/Users/amand/.pico-sdk/sdk/2.1.0/lib/tinyusb/src/class/cdc/cdc_device.c.obj
                0x10006b3c                cdcd_xfer_cb
 .text.vendord_init
                0x10006c3c       0x5c CMakeFiles/Atv10-02.dir/C_/Users/amand/.pico-sdk/sdk/2.1.0/lib/tinyusb/src/class/vendor/vendor_device.c.obj
                0x10006c3c                vendord_init
 .text.vendord_deinit
                0x10006c98       0x1c CMakeFiles/Atv10-02.dir/C_/Users/amand/.pico-sdk/sdk/2.1.0/lib/tinyusb/src/class/vendor/vendor_device.c.obj
                0x10006c98                vendord_deinit
 .text.vendord_reset
                0x10006cb4       0x20 CMakeFiles/Atv10-02.dir/C_/Users/amand/.pico-sdk/sdk/2.1.0/lib/tinyusb/src/class/vendor/vendor_device.c.obj
                0x10006cb4                vendord_reset
 .text.vendord_open
                0x10006cd4      0x138 CMakeFiles/Atv10-02.dir/C_/Users/amand/.pico-sdk/sdk/2.1.0/lib/tinyusb/src/class/vendor/vendor_device.c.obj
                0x10006cd4                vendord_open
 .text.vendord_xfer_cb
                0x10006e0c       0x9c CMakeFiles/Atv10-02.dir/C_/Users/amand/.pico-sdk/sdk/2.1.0/lib/tinyusb/src/class/vendor/vendor_device.c.obj
                0x10006e0c                vendord_xfer_cb
 .text.tusb_init
                0x10006ea8        0xc CMakeFiles/Atv10-02.dir/C_/Users/amand/.pico-sdk/sdk/2.1.0/lib/tinyusb/src/tusb.c.obj
                0x10006ea8                tusb_init
 .text.tu_edpt_claim
                0x10006eb4       0x50 CMakeFiles/Atv10-02.dir/C_/Users/amand/.pico-sdk/sdk/2.1.0/lib/tinyusb/src/tusb.c.obj
                0x10006eb4                tu_edpt_claim
 .text.tu_edpt_release
                0x10006f04       0x38 CMakeFiles/Atv10-02.dir/C_/Users/amand/.pico-sdk/sdk/2.1.0/lib/tinyusb/src/tusb.c.obj
                0x10006f04                tu_edpt_release
 .text.tu_edpt_validate
                0x10006f3c       0x7c CMakeFiles/Atv10-02.dir/C_/Users/amand/.pico-sdk/sdk/2.1.0/lib/tinyusb/src/tusb.c.obj
                0x10006f3c                tu_edpt_validate
 .text.tu_edpt_bind_driver
                0x10006fb8       0x34 CMakeFiles/Atv10-02.dir/C_/Users/amand/.pico-sdk/sdk/2.1.0/lib/tinyusb/src/tusb.c.obj
                0x10006fb8                tu_edpt_bind_driver
 .text.tu_edpt_stream_init
                0x10006fec       0x6c CMakeFiles/Atv10-02.dir/C_/Users/amand/.pico-sdk/sdk/2.1.0/lib/tinyusb/src/tusb.c.obj
                0x10006fec                tu_edpt_stream_init
 .text.tu_edpt_stream_deinit
                0x10007058        0x4 CMakeFiles/Atv10-02.dir/C_/Users/amand/.pico-sdk/sdk/2.1.0/lib/tinyusb/src/tusb.c.obj
                0x10007058                tu_edpt_stream_deinit
 .text.tu_edpt_stream_write_zlp_if_needed
                0x1000705c       0x68 CMakeFiles/Atv10-02.dir/C_/Users/amand/.pico-sdk/sdk/2.1.0/lib/tinyusb/src/tusb.c.obj
                0x1000705c                tu_edpt_stream_write_zlp_if_needed
 .text.tu_edpt_stream_write_xfer
                0x100070c4       0x64 CMakeFiles/Atv10-02.dir/C_/Users/amand/.pico-sdk/sdk/2.1.0/lib/tinyusb/src/tusb.c.obj
                0x100070c4                tu_edpt_stream_write_xfer
 .text.tu_edpt_stream_read_xfer
                0x10007128       0xdc CMakeFiles/Atv10-02.dir/C_/Users/amand/.pico-sdk/sdk/2.1.0/lib/tinyusb/src/tusb.c.obj
                0x10007128                tu_edpt_stream_read_xfer
 .text.tu_fifo_config
                0x10007204       0x6c CMakeFiles/Atv10-02.dir/C_/Users/amand/.pico-sdk/sdk/2.1.0/lib/tinyusb/src/common/tusb_fifo.c.obj
                0x10007204                tu_fifo_config
 .text.tu_fifo_count
                0x10007270       0x2c CMakeFiles/Atv10-02.dir/C_/Users/amand/.pico-sdk/sdk/2.1.0/lib/tinyusb/src/common/tusb_fifo.c.obj
                0x10007270                tu_fifo_count
 .text.tu_fifo_empty
                0x1000729c       0x10 CMakeFiles/Atv10-02.dir/C_/Users/amand/.pico-sdk/sdk/2.1.0/lib/tinyusb/src/common/tusb_fifo.c.obj
                0x1000729c                tu_fifo_empty
 .text.tu_fifo_remaining
                0x100072ac       0x2c CMakeFiles/Atv10-02.dir/C_/Users/amand/.pico-sdk/sdk/2.1.0/lib/tinyusb/src/common/tusb_fifo.c.obj
                0x100072ac                tu_fifo_remaining
 .text.tu_fifo_read
                0x100072d8       0x9c CMakeFiles/Atv10-02.dir/C_/Users/amand/.pico-sdk/sdk/2.1.0/lib/tinyusb/src/common/tusb_fifo.c.obj
                0x100072d8                tu_fifo_read
 .text.tu_fifo_read_n
                0x10007374       0xe8 CMakeFiles/Atv10-02.dir/C_/Users/amand/.pico-sdk/sdk/2.1.0/lib/tinyusb/src/common/tusb_fifo.c.obj
                0x10007374                tu_fifo_read_n
 .text.tu_fifo_write
                0x1000745c       0xa8 CMakeFiles/Atv10-02.dir/C_/Users/amand/.pico-sdk/sdk/2.1.0/lib/tinyusb/src/common/tusb_fifo.c.obj
                0x1000745c                tu_fifo_write
 .text.tu_fifo_write_n
                0x10007504      0x178 CMakeFiles/Atv10-02.dir/C_/Users/amand/.pico-sdk/sdk/2.1.0/lib/tinyusb/src/common/tusb_fifo.c.obj
                0x10007504                tu_fifo_write_n
 .text.tu_fifo_clear
                0x1000767c       0x40 CMakeFiles/Atv10-02.dir/C_/Users/amand/.pico-sdk/sdk/2.1.0/lib/tinyusb/src/common/tusb_fifo.c.obj
                0x1000767c                tu_fifo_clear
 .text.tu_fifo_set_overwritable
                0x100076bc       0x48 CMakeFiles/Atv10-02.dir/C_/Users/amand/.pico-sdk/sdk/2.1.0/lib/tinyusb/src/common/tusb_fifo.c.obj
                0x100076bc                tu_fifo_set_overwritable
 .text.adc_init
                0x10007704       0x38 CMakeFiles/Atv10-02.dir/C_/Users/amand/.pico-sdk/sdk/2.1.0/src/rp2_common/hardware_adc/adc.c.obj
                0x10007704                adc_init
 .text.i2c_write_blocking_internal.constprop.0
                0x1000773c       0xd0 CMakeFiles/Atv10-02.dir/C_/Users/amand/.pico-sdk/sdk/2.1.0/src/rp2_common/hardware_i2c/i2c.c.obj
 .text.i2c_set_baudrate
                0x1000780c       0xc0 CMakeFiles/Atv10-02.dir/C_/Users/amand/.pico-sdk/sdk/2.1.0/src/rp2_common/hardware_i2c/i2c.c.obj
                0x1000780c                i2c_set_baudrate
 .text.i2c_init
                0x100078cc       0x50 CMakeFiles/Atv10-02.dir/C_/Users/amand/.pico-sdk/sdk/2.1.0/src/rp2_common/hardware_i2c/i2c.c.obj
                0x100078cc                i2c_init
 .text.i2c_write_blocking
                0x1000791c       0x14 CMakeFiles/Atv10-02.dir/C_/Users/amand/.pico-sdk/sdk/2.1.0/src/rp2_common/hardware_i2c/i2c.c.obj
                0x1000791c                i2c_write_blocking
 .text.calloc   0x10007930       0x18 C:/Users/amand/.pico-sdk/toolchain/13_3_Rel1/bin/../lib/gcc/arm-none-eabi/13.3.1/thumb/v6-m/nofp\libg.a(libc_a-calloc.o)
                0x10007930                calloc
 .text._calloc_r
                0x10007948       0xa8 C:/Users/amand/.pico-sdk/toolchain/13_3_Rel1/bin/../lib/gcc/arm-none-eabi/13.3.1/thumb/v6-m/nofp\libg.a(libc_a-callocr.o)
                0x10007948                _calloc_r
 .text._malloc_r
                0x100079f0      0x5c4 C:/Users/amand/.pico-sdk/toolchain/13_3_Rel1/bin/../lib/gcc/arm-none-eabi/13.3.1/thumb/v6-m/nofp\libg.a(libc_a-mallocr.o)
                0x100079f0                _malloc_r
 .text.__malloc_lock
                0x10007fb4       0x10 C:/Users/amand/.pico-sdk/toolchain/13_3_Rel1/bin/../lib/gcc/arm-none-eabi/13.3.1/thumb/v6-m/nofp\libg.a(libc_a-mlock.o)
                0x10007fb4                __malloc_lock
 .text.__malloc_unlock
                0x10007fc4       0x10 C:/Users/amand/.pico-sdk/toolchain/13_3_Rel1/bin/../lib/gcc/arm-none-eabi/13.3.1/thumb/v6-m/nofp\libg.a(libc_a-mlock.o)
                0x10007fc4                __malloc_unlock
 .text._sbrk_r  0x10007fd4       0x24 C:/Users/amand/.pico-sdk/toolchain/13_3_Rel1/bin/../lib/gcc/arm-none-eabi/13.3.1/thumb/v6-m/nofp\libg.a(libc_a-sbrkr.o)
                0x10007fd4                _sbrk_r
 .text.__errno  0x10007ff8        0xc C:/Users/amand/.pico-sdk/toolchain/13_3_Rel1/bin/../lib/gcc/arm-none-eabi/13.3.1/thumb/v6-m/nofp\libg.a(libc_a-errno.o)
                0x10007ff8                __errno
 .text.__retarget_lock_acquire_recursive
                0x10008004        0x4 C:/Users/amand/.pico-sdk/toolchain/13_3_Rel1/bin/../lib/gcc/arm-none-eabi/13.3.1/thumb/v6-m/nofp\libg.a(libc_a-lock.o)
                0x10008004                __retarget_lock_acquire_recursive
 .text.__retarget_lock_release_recursive
                0x10008008        0x4 C:/Users/amand/.pico-sdk/toolchain/13_3_Rel1/bin/../lib/gcc/arm-none-eabi/13.3.1/thumb/v6-m/nofp\libg.a(libc_a-lock.o)
                0x10008008                __retarget_lock_release_recursive
 .text.sysconf  0x1000800c       0x1c C:/Users/amand/.pico-sdk/toolchain/13_3_Rel1/bin/../lib/gcc/arm-none-eabi/13.3.1/thumb/v6-m/nofp\libg.a(libc_a-sysconf.o)
                0x1000800c                sysconf
 .text.strlen   0x10008028       0x5c C:/Users/amand/.pico-sdk/toolchain/13_3_Rel1/bin/../lib/gcc/arm-none-eabi/13.3.1/thumb/v6-m/nofp\libg.a(libc_a-strlen-stub.o)
                0x10008028                strlen
 .text._malloc_trim_r
                0x10008084       0xb4 C:/Users/amand/.pico-sdk/toolchain/13_3_Rel1/bin/../lib/gcc/arm-none-eabi/13.3.1/thumb/v6-m/nofp\libg.a(libc_a-freer.o)
                0x10008084                _malloc_trim_r
 .text._free_r  0x10008138      0x1d4 C:/Users/amand/.pico-sdk/toolchain/13_3_Rel1/bin/../lib/gcc/arm-none-eabi/13.3.1/thumb/v6-m/nofp\libg.a(libc_a-freer.o)
                0x10008138                _free_r
 *(.fini)
 .fini          0x1000830c        0x4 C:/Users/amand/.pico-sdk/toolchain/13_3_Rel1/bin/../lib/gcc/arm-none-eabi/13.3.1/thumb/v6-m/nofp/crti.o
                0x1000830c                _fini
 .fini.__stub   0x10008310       0xc0 linker stubs
 *crtbegin.o(.ctors)
 *crtbegin?.o(.ctors)
 *(EXCLUDE_FILE(*crtend.o *crtend?.o) .ctors)
 *(SORT_BY_NAME(.ctors.*))
 *(.ctors)
 *crtbegin.o(.dtors)
 *crtbegin?.o(.dtors)
 *(EXCLUDE_FILE(*crtend.o *crtend?.o) .dtors)
 *(SORT_BY_NAME(.dtors.*))
 *(.dtors)
                0x100083d0                        . = ALIGN (0x4)
                0x100083d0                        PROVIDE (__preinit_array_start = .)
 *(SORT_BY_NAME(.preinit_array.*))
 .preinit_array.00100
                0x100083d0        0x4 CMakeFiles/Atv10-02.dir/C_/Users/amand/.pico-sdk/sdk/2.1.0/src/rp2_common/pico_runtime_init/runtime_init.c.obj
                0x100083d0                __pre_init_runtime_init_early_resets
 .preinit_array.00101
                0x100083d4        0x4 CMakeFiles/Atv10-02.dir/C_/Users/amand/.pico-sdk/sdk/2.1.0/src/rp2_common/pico_runtime_init/runtime_init.c.obj
                0x100083d4                __pre_init_runtime_init_usb_power_down
 .preinit_array.00275
                0x100083d8        0x4 CMakeFiles/Atv10-02.dir/C_/Users/amand/.pico-sdk/sdk/2.1.0/src/rp2_common/pico_bit_ops/bit_ops_aeabi.S.obj
 .preinit_array.00300
                0x100083dc        0x4 CMakeFiles/Atv10-02.dir/C_/Users/amand/.pico-sdk/sdk/2.1.0/src/rp2_common/pico_mem_ops/mem_ops_aeabi.S.obj
 .preinit_array.00350
                0x100083e0        0x4 CMakeFiles/Atv10-02.dir/C_/Users/amand/.pico-sdk/sdk/2.1.0/src/rp2_common/pico_double/double_aeabi_rp2040.S.obj
 .preinit_array.00350
                0x100083e4        0x4 CMakeFiles/Atv10-02.dir/C_/Users/amand/.pico-sdk/sdk/2.1.0/src/rp2_common/pico_float/float_aeabi_rp2040.S.obj
 .preinit_array.00500
                0x100083e8        0x4 CMakeFiles/Atv10-02.dir/C_/Users/amand/.pico-sdk/sdk/2.1.0/src/rp2_common/pico_runtime_init/runtime_init.c.obj
                0x100083e8                __pre_init_runtime_init_clocks
 .preinit_array.00600
                0x100083ec        0x4 CMakeFiles/Atv10-02.dir/C_/Users/amand/.pico-sdk/sdk/2.1.0/src/rp2_common/pico_runtime_init/runtime_init.c.obj
                0x100083ec                __pre_init_runtime_init_post_clock_resets
 .preinit_array.00700
                0x100083f0        0x4 CMakeFiles/Atv10-02.dir/C_/Users/amand/.pico-sdk/sdk/2.1.0/src/rp2_common/pico_runtime_init/runtime_init.c.obj
                0x100083f0                __pre_init_runtime_init_rp2040_gpio_ie_disable
 .preinit_array.01000
                0x100083f4        0x4 CMakeFiles/Atv10-02.dir/C_/Users/amand/.pico-sdk/sdk/2.1.0/src/rp2_common/pico_runtime_init/runtime_init.c.obj
                0x100083f4                __pre_init_runtime_init_spin_locks_reset
 .preinit_array.01100
                0x100083f8        0x4 CMakeFiles/Atv10-02.dir/C_/Users/amand/.pico-sdk/sdk/2.1.0/src/common/pico_sync/mutex.c.obj
                0x100083f8                __pre_init_runtime_init_mutex
 .preinit_array.10080
                0x100083fc        0x4 CMakeFiles/Atv10-02.dir/C_/Users/amand/.pico-sdk/sdk/2.1.0/src/rp2_common/pico_runtime_init/runtime_init.c.obj
                0x100083fc                __pre_init_runtime_init_install_ram_vector_table
 .preinit_array.11000
                0x10008400        0x4 CMakeFiles/Atv10-02.dir/C_/Users/amand/.pico-sdk/sdk/2.1.0/src/common/pico_time/time.c.obj
                0x10008400                __pre_init_runtime_init_default_alarm_pool
 .preinit_array.YYYYY
                0x10008404        0x4 CMakeFiles/Atv10-02.dir/C_/Users/amand/.pico-sdk/sdk/2.1.0/src/rp2_common/pico_runtime/runtime.c.obj
                0x10008404                __pre_init_first_per_core_initializer
 .preinit_array.ZZZZZ.01200
                0x10008408        0x4 CMakeFiles/Atv10-02.dir/C_/Users/amand/.pico-sdk/sdk/2.1.0/src/rp2_common/hardware_irq/irq.c.obj
                0x10008408                __pre_init_runtime_init_per_core_irq_priorities
 *(.preinit_array)
                0x1000840c                        PROVIDE (__preinit_array_end = .)
                0x1000840c                        . = ALIGN (0x4)
                0x1000840c                        PROVIDE (__init_array_start = .)
 *(SORT_BY_NAME(.init_array.*))
 *(.init_array)
 .init_array    0x1000840c        0x4 C:/Users/amand/.pico-sdk/toolchain/13_3_Rel1/bin/../lib/gcc/arm-none-eabi/13.3.1/thumb/v6-m/nofp/crtbegin.o
 .init_array    0x10008410        0x4 CMakeFiles/Atv10-02.dir/C_/Users/amand/.pico-sdk/sdk/2.1.0/src/rp2_common/pico_unique_id/unique_id.c.obj
                0x10008414                        PROVIDE (__init_array_end = .)
                0x10008414                        . = ALIGN (0x4)
                [!provide]                        PROVIDE (__fini_array_start = .)
 *(SORT_BY_NAME(.fini_array.*))
 *(.fini_array)
                [!provide]                        PROVIDE (__fini_array_end = .)
 *(.eh_frame*)
 .eh_frame      0x10008414        0x0 C:/Users/amand/.pico-sdk/toolchain/13_3_Rel1/bin/../lib/gcc/arm-none-eabi/13.3.1/thumb/v6-m/nofp/crtbegin.o
                0x10008414                        . = ALIGN (0x4)

.glue_7         0x10008414        0x0
 .glue_7        0x10008414        0x0 linker stubs

.glue_7t        0x10008414        0x0
 .glue_7t       0x10008414        0x0 linker stubs

.vfp11_veneer   0x10008414        0x0
 .vfp11_veneer  0x10008414        0x0 linker stubs

.v4_bx          0x10008414        0x0
 .v4_bx         0x10008414        0x0 linker stubs

.iplt           0x10008414        0x0
 .iplt          0x10008414        0x0 C:/Users/amand/.pico-sdk/toolchain/13_3_Rel1/bin/../lib/gcc/arm-none-eabi/13.3.1/thumb/v6-m/nofp/crtbegin.o

.rodata         0x10008418      0x718
 *(EXCLUDE_FILE(*libm.a: *libc.a:*lib_a-mem*.o *libgcc.a:) .rodata*)
 .rodata.interrupcao_gpio.str1.4
                0x10008418      0x248 CMakeFiles/Atv10-02.dir/Atv10-02.c.obj
                                 0x7e (size before relaxing)
 .rodata.panic.str1.4
                0x10008660       0x12 CMakeFiles/Atv10-02.dir/C_/Users/amand/.pico-sdk/sdk/2.1.0/src/rp2_common/pico_platform_panic/panic.c.obj
 .rodata.spin_lock_claim_unused.str1.4
                0x10008660       0x1b CMakeFiles/Atv10-02.dir/C_/Users/amand/.pico-sdk/sdk/2.1.0/src/rp2_common/hardware_sync/sync.c.obj
 .rodata.user_irq_claim_unused.str1.4
                0x10008660       0x1b CMakeFiles/Atv10-02.dir/C_/Users/amand/.pico-sdk/sdk/2.1.0/src/rp2_common/hardware_irq/irq.c.obj
 .rodata.timer_hardware_alarm_claim.str1.4
                0x10008660       0x22 CMakeFiles/Atv10-02.dir/C_/Users/amand/.pico-sdk/sdk/2.1.0/src/rp2_common/hardware_timer/timer.c.obj
 .rodata.hard_assertion_failure.str1.4
                0x10008660        0xc CMakeFiles/Atv10-02.dir/C_/Users/amand/.pico-sdk/sdk/2.1.0/src/rp2_common/pico_runtime/runtime.c.obj
 .rodata.missing_double_func_shim.str1.4
                0x10008660       0x18 CMakeFiles/Atv10-02.dir/C_/Users/amand/.pico-sdk/sdk/2.1.0/src/rp2_common/pico_double/double_init_rom_rp2040.c.obj
 .rodata.missing_float_func_shim.str1.4
                0x10008660        0x1 CMakeFiles/Atv10-02.dir/C_/Users/amand/.pico-sdk/sdk/2.1.0/src/rp2_common/pico_float/float_init_rom_rp2040.c.obj
 .rodata.__wrap_malloc.str1.4
                0x10008660        0xe CMakeFiles/Atv10-02.dir/C_/Users/amand/.pico-sdk/sdk/2.1.0/src/rp2_common/pico_malloc/malloc.c.obj
 .rodata.str1.4
                0x10008660       0x44 CMakeFiles/Atv10-02.dir/C_/Users/amand/.pico-sdk/sdk/2.1.0/src/rp2_common/pico_standard_binary_info/standard_binary_info.c.obj
 .rodata.__bi_84
                0x10008660        0xc CMakeFiles/Atv10-02.dir/C_/Users/amand/.pico-sdk/sdk/2.1.0/src/rp2_common/pico_standard_binary_info/standard_binary_info.c.obj
 .rodata.__bi_78
                0x1000866c        0xc CMakeFiles/Atv10-02.dir/C_/Users/amand/.pico-sdk/sdk/2.1.0/src/rp2_common/pico_standard_binary_info/standard_binary_info.c.obj
 .rodata.__bi_60
                0x10008678        0xc CMakeFiles/Atv10-02.dir/C_/Users/amand/.pico-sdk/sdk/2.1.0/src/rp2_common/pico_standard_binary_info/standard_binary_info.c.obj
 .rodata.__bi_54
                0x10008684        0xc CMakeFiles/Atv10-02.dir/C_/Users/amand/.pico-sdk/sdk/2.1.0/src/rp2_common/pico_standard_binary_info/standard_binary_info.c.obj
 .rodata.__bi_48
                0x10008690        0xc CMakeFiles/Atv10-02.dir/C_/Users/amand/.pico-sdk/sdk/2.1.0/src/rp2_common/pico_standard_binary_info/standard_binary_info.c.obj
 .rodata.__bi_42
                0x1000869c        0xc CMakeFiles/Atv10-02.dir/C_/Users/amand/.pico-sdk/sdk/2.1.0/src/rp2_common/pico_standard_binary_info/standard_binary_info.c.obj
 .rodata.__bi_34
                0x100086a8        0xc CMakeFiles/Atv10-02.dir/C_/Users/amand/.pico-sdk/sdk/2.1.0/src/rp2_common/pico_standard_binary_info/standard_binary_info.c.obj
 .rodata.__bi_26
                0x100086b4        0xc CMakeFiles/Atv10-02.dir/C_/Users/amand/.pico-sdk/sdk/2.1.0/src/rp2_common/pico_standard_binary_info/standard_binary_info.c.obj
 .rodata._ftoa.str1.4
                0x100086c0       0x15 CMakeFiles/Atv10-02.dir/C_/Users/amand/.pico-sdk/sdk/2.1.0/src/rp2_common/pico_printf/printf.c.obj
 .rodata._vsnprintf
                0x100086c0      0x19c CMakeFiles/Atv10-02.dir/C_/Users/amand/.pico-sdk/sdk/2.1.0/src/rp2_common/pico_printf/printf.c.obj
 *fill*         0x1000885c        0x4 
 .rodata.pow10.0
                0x10008860       0x50 CMakeFiles/Atv10-02.dir/C_/Users/amand/.pico-sdk/sdk/2.1.0/src/rp2_common/pico_printf/printf.c.obj
 .rodata.crlf_str.0
                0x100088b0        0x2 CMakeFiles/Atv10-02.dir/C_/Users/amand/.pico-sdk/sdk/2.1.0/src/rp2_common/pico_stdio/stdio.c.obj
 .rodata.str1.4
                0x100088b2       0x2c CMakeFiles/Atv10-02.dir/C_/Users/amand/.pico-sdk/sdk/2.1.0/src/rp2_common/pico_stdio_uart/stdio_uart.c.obj
 *fill*         0x100088b2        0x2 
 .rodata.__bi_45.4
                0x100088b4        0xc CMakeFiles/Atv10-02.dir/C_/Users/amand/.pico-sdk/sdk/2.1.0/src/rp2_common/pico_stdio_uart/stdio_uart.c.obj
 .rodata.__bi_49.5
                0x100088c0        0x8 CMakeFiles/Atv10-02.dir/C_/Users/amand/.pico-sdk/sdk/2.1.0/src/rp2_common/pico_stdio_uart/stdio_uart.c.obj
 .rodata.__bi_50.6
                0x100088c8        0x8 CMakeFiles/Atv10-02.dir/C_/Users/amand/.pico-sdk/sdk/2.1.0/src/rp2_common/pico_stdio_uart/stdio_uart.c.obj
 .rodata._resetd_driver
                0x100088d0       0x20 CMakeFiles/Atv10-02.dir/C_/Users/amand/.pico-sdk/sdk/2.1.0/src/rp2_common/pico_stdio_usb/reset_interface.c.obj
 .rodata.desc_ms_os_20
                0x100088f0       0xa6 CMakeFiles/Atv10-02.dir/C_/Users/amand/.pico-sdk/sdk/2.1.0/src/rp2_common/pico_stdio_usb/reset_interface.c.obj
 *fill*         0x10008996        0x2 
 .rodata.desc_bos
                0x10008998       0x21 CMakeFiles/Atv10-02.dir/C_/Users/amand/.pico-sdk/sdk/2.1.0/src/rp2_common/pico_stdio_usb/reset_interface.c.obj
                0x10008998                desc_bos
 .rodata.str1.4
                0x100089b9       0x13 CMakeFiles/Atv10-02.dir/C_/Users/amand/.pico-sdk/sdk/2.1.0/src/rp2_common/pico_stdio_usb/stdio_usb.c.obj
 *fill*         0x100089b9        0x3 
 .rodata.__bi_197.0
                0x100089bc        0xc CMakeFiles/Atv10-02.dir/C_/Users/amand/.pico-sdk/sdk/2.1.0/src/rp2_common/pico_stdio_usb/stdio_usb.c.obj
 .rodata.str1.4
                0x100089c8       0x2a CMakeFiles/Atv10-02.dir/C_/Users/amand/.pico-sdk/sdk/2.1.0/src/rp2_common/pico_stdio_usb/stdio_usb_descriptors.c.obj
 .rodata.usbd_desc_str
                0x100089c8       0x18 CMakeFiles/Atv10-02.dir/C_/Users/amand/.pico-sdk/sdk/2.1.0/src/rp2_common/pico_stdio_usb/stdio_usb_descriptors.c.obj
 .rodata.usbd_desc_cfg
                0x100089e0       0x54 CMakeFiles/Atv10-02.dir/C_/Users/amand/.pico-sdk/sdk/2.1.0/src/rp2_common/pico_stdio_usb/stdio_usb_descriptors.c.obj
 .rodata.usbd_desc_device
                0x10008a34       0x12 CMakeFiles/Atv10-02.dir/C_/Users/amand/.pico-sdk/sdk/2.1.0/src/rp2_common/pico_stdio_usb/stdio_usb_descriptors.c.obj
 .rodata.str1.4
                0x10008a46       0x14 CMakeFiles/Atv10-02.dir/C_/Users/amand/.pico-sdk/sdk/2.1.0/lib/tinyusb/src/portable/raspberrypi/rp2040/dcd_rp2040.c.obj
 .rodata.str1.4
                0x10008a46       0x48 CMakeFiles/Atv10-02.dir/C_/Users/amand/.pico-sdk/sdk/2.1.0/lib/tinyusb/src/portable/raspberrypi/rp2040/rp2040_usb.c.obj
 *fill*         0x10008a46        0x2 
 .rodata.tud_task_ext
                0x10008a48       0x8c CMakeFiles/Atv10-02.dir/C_/Users/amand/.pico-sdk/sdk/2.1.0/lib/tinyusb/src/device/usbd.c.obj
 .rodata        0x10008ad4       0x1c CMakeFiles/Atv10-02.dir/C_/Users/amand/.pico-sdk/sdk/2.1.0/lib/tinyusb/src/device/usbd.c.obj
 .rodata._usbd_driver
                0x10008af0       0x40 CMakeFiles/Atv10-02.dir/C_/Users/amand/.pico-sdk/sdk/2.1.0/lib/tinyusb/src/device/usbd.c.obj
                0x10008b30                        . = ALIGN (0x4)
 *(SORT_BY_ALIGNMENT(SORT_BY_NAME(.flashdata*)))
                0x10008b30                        . = ALIGN (0x4)

.ARM.extab
 *(.ARM.extab* .gnu.linkonce.armextab.*)
                0x10008b30                        __exidx_start = .

.ARM.exidx
 *(.ARM.exidx* .gnu.linkonce.armexidx.*)
                0x10008b30                        __exidx_end = .
                0x10008b30                        . = ALIGN (0x4)
                0x10008b30                        __binary_info_start = .

.binary_info    0x10008b30       0x30
 *(.binary_info.keep.*)
 .binary_info.keep.__bi_ptr84
                0x10008b30        0x4 CMakeFiles/Atv10-02.dir/C_/Users/amand/.pico-sdk/sdk/2.1.0/src/rp2_common/pico_standard_binary_info/standard_binary_info.c.obj
 .binary_info.keep.__bi_ptr78
                0x10008b34        0x4 CMakeFiles/Atv10-02.dir/C_/Users/amand/.pico-sdk/sdk/2.1.0/src/rp2_common/pico_standard_binary_info/standard_binary_info.c.obj
 .binary_info.keep.__bi_ptr60
                0x10008b38        0x4 CMakeFiles/Atv10-02.dir/C_/Users/amand/.pico-sdk/sdk/2.1.0/src/rp2_common/pico_standard_binary_info/standard_binary_info.c.obj
 .binary_info.keep.__bi_ptr54
                0x10008b3c        0x4 CMakeFiles/Atv10-02.dir/C_/Users/amand/.pico-sdk/sdk/2.1.0/src/rp2_common/pico_standard_binary_info/standard_binary_info.c.obj
 .binary_info.keep.__bi_ptr48
                0x10008b40        0x4 CMakeFiles/Atv10-02.dir/C_/Users/amand/.pico-sdk/sdk/2.1.0/src/rp2_common/pico_standard_binary_info/standard_binary_info.c.obj
 .binary_info.keep.__bi_ptr42
                0x10008b44        0x4 CMakeFiles/Atv10-02.dir/C_/Users/amand/.pico-sdk/sdk/2.1.0/src/rp2_common/pico_standard_binary_info/standard_binary_info.c.obj
 .binary_info.keep.__bi_ptr34
                0x10008b48        0x4 CMakeFiles/Atv10-02.dir/C_/Users/amand/.pico-sdk/sdk/2.1.0/src/rp2_common/pico_standard_binary_info/standard_binary_info.c.obj
 .binary_info.keep.__bi_ptr26
                0x10008b4c        0x4 CMakeFiles/Atv10-02.dir/C_/Users/amand/.pico-sdk/sdk/2.1.0/src/rp2_common/pico_standard_binary_info/standard_binary_info.c.obj
 *(.binary_info.*)
 .binary_info.__bi_ptr50
                0x10008b50        0x4 CMakeFiles/Atv10-02.dir/C_/Users/amand/.pico-sdk/sdk/2.1.0/src/rp2_common/pico_stdio_uart/stdio_uart.c.obj
 .binary_info.__bi_ptr49
                0x10008b54        0x4 CMakeFiles/Atv10-02.dir/C_/Users/amand/.pico-sdk/sdk/2.1.0/src/rp2_common/pico_stdio_uart/stdio_uart.c.obj
 .binary_info.__bi_ptr45
                0x10008b58        0x4 CMakeFiles/Atv10-02.dir/C_/Users/amand/.pico-sdk/sdk/2.1.0/src/rp2_common/pico_stdio_uart/stdio_uart.c.obj
 .binary_info.__bi_ptr197
                0x10008b5c        0x4 CMakeFiles/Atv10-02.dir/C_/Users/amand/.pico-sdk/sdk/2.1.0/src/rp2_common/pico_stdio_usb/stdio_usb.c.obj
                0x10008b60                        __binary_info_end = .

.rel.dyn        0x10008b60        0x0
 .rel.iplt      0x10008b60        0x0 C:/Users/amand/.pico-sdk/toolchain/13_3_Rel1/bin/../lib/gcc/arm-none-eabi/13.3.1/thumb/v6-m/nofp/crtbegin.o
                0x10008b60                        . = ALIGN (0x4)

.ram_vector_table
                0x20000000       0xc0
 *(.ram_vector_table)
 .ram_vector_table
                0x20000000       0xc0 CMakeFiles/Atv10-02.dir/C_/Users/amand/.pico-sdk/sdk/2.1.0/src/rp2_common/pico_runtime_init/runtime_init.c.obj
                0x20000000                ram_vector_table

.uninitialized_data
                0x200000c0        0x0
                0x200000c0                        . = ALIGN (0x4)
 *(.uninitialized_data*)

.data           0x200000c0     0x1520 load address 0x10008b60
                0x200000c0                        __data_start__ = .
 *(vtable)
 *(.time_critical*)
 .time_critical.mutex_try_enter
                0x200000c0       0x40 CMakeFiles/Atv10-02.dir/C_/Users/amand/.pico-sdk/sdk/2.1.0/src/common/pico_sync/mutex.c.obj
                0x200000c0                mutex_try_enter
 .time_critical.mutex_try_enter_block_until
                0x20000100       0x9c CMakeFiles/Atv10-02.dir/C_/Users/amand/.pico-sdk/sdk/2.1.0/src/common/pico_sync/mutex.c.obj
                0x20000100                mutex_try_enter_block_until
 .time_critical.mutex_enter_timeout_ms
                0x2000019c       0x90 CMakeFiles/Atv10-02.dir/C_/Users/amand/.pico-sdk/sdk/2.1.0/src/common/pico_sync/mutex.c.obj
                0x2000019c                mutex_enter_timeout_ms
 .time_critical.mutex_exit
                0x2000022c       0x28 CMakeFiles/Atv10-02.dir/C_/Users/amand/.pico-sdk/sdk/2.1.0/src/common/pico_sync/mutex.c.obj
                0x2000022c                mutex_exit
 .time_critical.flash_init_boot2_copyout
                0x20000254       0x30 CMakeFiles/Atv10-02.dir/C_/Users/amand/.pico-sdk/sdk/2.1.0/src/rp2_common/hardware_flash/flash.c.obj
 .time_critical.flash_enable_xip_via_boot2
                0x20000284        0xc CMakeFiles/Atv10-02.dir/C_/Users/amand/.pico-sdk/sdk/2.1.0/src/rp2_common/hardware_flash/flash.c.obj
 .time_critical.flash_cs_force
                0x20000290       0x38 CMakeFiles/Atv10-02.dir/C_/Users/amand/.pico-sdk/sdk/2.1.0/src/rp2_common/hardware_flash/flash.c.obj
 .time_critical.flash_do_cmd
                0x200002c8       0xc0 CMakeFiles/Atv10-02.dir/C_/Users/amand/.pico-sdk/sdk/2.1.0/src/rp2_common/hardware_flash/flash.c.obj
                0x200002c8                flash_do_cmd
 .time_critical.reset_non_control_endpoints
                0x20000388       0x68 CMakeFiles/Atv10-02.dir/C_/Users/amand/.pico-sdk/sdk/2.1.0/lib/tinyusb/src/portable/raspberrypi/rp2040/dcd_rp2040.c.obj
 .time_critical.hw_handle_buff_status
                0x200003f0       0xb0 CMakeFiles/Atv10-02.dir/C_/Users/amand/.pico-sdk/sdk/2.1.0/lib/tinyusb/src/portable/raspberrypi/rp2040/dcd_rp2040.c.obj
 .time_critical.dcd_rp2040_irq
                0x200004a0      0x578 CMakeFiles/Atv10-02.dir/C_/Users/amand/.pico-sdk/sdk/2.1.0/lib/tinyusb/src/portable/raspberrypi/rp2040/dcd_rp2040.c.obj
 .time_critical.prepare_ep_buffer
                0x20000a18       0xe0 CMakeFiles/Atv10-02.dir/C_/Users/amand/.pico-sdk/sdk/2.1.0/lib/tinyusb/src/portable/raspberrypi/rp2040/rp2040_usb.c.obj
 .time_critical.sync_ep_buffer
                0x20000af8       0xa8 CMakeFiles/Atv10-02.dir/C_/Users/amand/.pico-sdk/sdk/2.1.0/lib/tinyusb/src/portable/raspberrypi/rp2040/rp2040_usb.c.obj
 .time_critical._hw_endpoint_xfer_sync
                0x20000ba0       0x28 CMakeFiles/Atv10-02.dir/C_/Users/amand/.pico-sdk/sdk/2.1.0/lib/tinyusb/src/portable/raspberrypi/rp2040/rp2040_usb.c.obj
 .time_critical.e15_is_bulkin_ep
                0x20000bc8       0x28 CMakeFiles/Atv10-02.dir/C_/Users/amand/.pico-sdk/sdk/2.1.0/lib/tinyusb/src/portable/raspberrypi/rp2040/rp2040_usb.c.obj
 .time_critical.e15_is_critical_frame_period
                0x20000bf0       0x34 CMakeFiles/Atv10-02.dir/C_/Users/amand/.pico-sdk/sdk/2.1.0/lib/tinyusb/src/portable/raspberrypi/rp2040/rp2040_usb.c.obj
 .time_critical.hw_endpoint_reset_transfer
                0x20000c24        0xc CMakeFiles/Atv10-02.dir/C_/Users/amand/.pico-sdk/sdk/2.1.0/lib/tinyusb/src/portable/raspberrypi/rp2040/rp2040_usb.c.obj
                0x20000c24                hw_endpoint_reset_transfer
 .time_critical._hw_endpoint_buffer_control_update32
                0x20000c30       0x50 CMakeFiles/Atv10-02.dir/C_/Users/amand/.pico-sdk/sdk/2.1.0/lib/tinyusb/src/portable/raspberrypi/rp2040/rp2040_usb.c.obj
                0x20000c30                _hw_endpoint_buffer_control_update32
 .time_critical.hw_endpoint_start_next_buffer
                0x20000c80       0x6c CMakeFiles/Atv10-02.dir/C_/Users/amand/.pico-sdk/sdk/2.1.0/lib/tinyusb/src/portable/raspberrypi/rp2040/rp2040_usb.c.obj
                0x20000c80                hw_endpoint_start_next_buffer
 .time_critical.hw_endpoint_xfer_continue
                0x20000cec       0x40 CMakeFiles/Atv10-02.dir/C_/Users/amand/.pico-sdk/sdk/2.1.0/lib/tinyusb/src/portable/raspberrypi/rp2040/rp2040_usb.c.obj
                0x20000cec                hw_endpoint_xfer_continue
 .time_critical.tinyusb
                0x20000d2c      0x1e4 CMakeFiles/Atv10-02.dir/C_/Users/amand/.pico-sdk/sdk/2.1.0/lib/tinyusb/src/device/usbd.c.obj
                0x20000d2c                dcd_event_handler
 *(.text*)
 .text          0x20000f10        0x4 C:/Users/amand/.pico-sdk/toolchain/13_3_Rel1/bin/../lib/gcc/arm-none-eabi/13.3.1/thumb/v6-m/nofp\libgcc.a(_dvmd_tls.o)
                0x20000f10                __aeabi_idiv0
                0x20000f10                __aeabi_ldiv0
 *fill*         0x20000f14        0x4 
 .text.__stub   0x20000f18       0x80 linker stubs
                0x20000f98                        . = ALIGN (0x4)
 *(.rodata*)
                0x20000f98                        . = ALIGN (0x4)
 *(.data*)
 .data.pwm_ativo
                0x20000f98        0x1 CMakeFiles/Atv10-02.dir/Atv10-02.c.obj
 .data.striped_spin_lock_num
                0x20000f99        0x1 CMakeFiles/Atv10-02.dir/C_/Users/amand/.pico-sdk/sdk/2.1.0/src/rp2_common/hardware_sync/sync.c.obj
 *fill*         0x20000f9a        0x2 
 .data          0x20000f9c       0x48 CMakeFiles/Atv10-02.dir/C_/Users/amand/.pico-sdk/sdk/2.1.0/src/rp2_common/hardware_irq/irq_handler_chain.S.obj
                0x20000f9c                irq_handler_chain_slots
                0x20000fcc                irq_handler_chain_first_slot
                0x20000fd6                irq_handler_chain_remove_tail
 .data.default_alarm_pool
                0x20000fe4       0x18 CMakeFiles/Atv10-02.dir/C_/Users/amand/.pico-sdk/sdk/2.1.0/src/common/pico_time/time.c.obj
 *fill*         0x20000ffc        0x4 
 .data.aeabi_bits_funcs
                0x20001000       0x10 CMakeFiles/Atv10-02.dir/C_/Users/amand/.pico-sdk/sdk/2.1.0/src/rp2_common/pico_bit_ops/bit_ops_aeabi.S.obj
                0x20001000                aeabi_bits_funcs
                0x20001010                aeabi_bits_funcs_end
 .data.aeabi_mem_funcs
                0x20001010       0x10 CMakeFiles/Atv10-02.dir/C_/Users/amand/.pico-sdk/sdk/2.1.0/src/rp2_common/pico_mem_ops/mem_ops_aeabi.S.obj
                0x20001010                aeabi_mem_funcs
                0x20001020                aeabi_mem_funcs_end
 .data.stdio_uart
                0x20001020       0x18 CMakeFiles/Atv10-02.dir/C_/Users/amand/.pico-sdk/sdk/2.1.0/src/rp2_common/pico_stdio_uart/stdio_uart.c.obj
                0x20001020                stdio_uart
 .data.stdio_usb
                0x20001038       0x18 CMakeFiles/Atv10-02.dir/C_/Users/amand/.pico-sdk/sdk/2.1.0/src/rp2_common/pico_stdio_usb/stdio_usb.c.obj
                0x20001038                stdio_usb
 .data._usbd_qdef
                0x20001050       0x1c CMakeFiles/Atv10-02.dir/C_/Users/amand/.pico-sdk/sdk/2.1.0/lib/tinyusb/src/device/usbd.c.obj
                0x20001050                _usbd_qdef
 .data._usbd_rhport
                0x2000106c        0x1 CMakeFiles/Atv10-02.dir/C_/Users/amand/.pico-sdk/sdk/2.1.0/lib/tinyusb/src/device/usbd.c.obj
 *fill*         0x2000106d        0x3 
 .data.i2c1_inst
                0x20001070        0x8 CMakeFiles/Atv10-02.dir/C_/Users/amand/.pico-sdk/sdk/2.1.0/src/rp2_common/hardware_i2c/i2c.c.obj
                0x20001070                i2c1_inst
 .data.i2c0_inst
                0x20001078        0x8 CMakeFiles/Atv10-02.dir/C_/Users/amand/.pico-sdk/sdk/2.1.0/src/rp2_common/hardware_i2c/i2c.c.obj
                0x20001078                i2c0_inst
 .data.__malloc_sbrk_base
                0x20001080        0x4 C:/Users/amand/.pico-sdk/toolchain/13_3_Rel1/bin/../lib/gcc/arm-none-eabi/13.3.1/thumb/v6-m/nofp\libg.a(libc_a-mallocr.o)
                0x20001080                __malloc_sbrk_base
 .data.__malloc_trim_threshold
                0x20001084        0x4 C:/Users/amand/.pico-sdk/toolchain/13_3_Rel1/bin/../lib/gcc/arm-none-eabi/13.3.1/thumb/v6-m/nofp\libg.a(libc_a-mallocr.o)
                0x20001084                __malloc_trim_threshold
 .data.__malloc_av_
                0x20001088      0x408 C:/Users/amand/.pico-sdk/toolchain/13_3_Rel1/bin/../lib/gcc/arm-none-eabi/13.3.1/thumb/v6-m/nofp\libg.a(libc_a-mallocr.o)
                0x20001088                __malloc_av_
 .data._impure_ptr
                0x20001490        0x4 C:/Users/amand/.pico-sdk/toolchain/13_3_Rel1/bin/../lib/gcc/arm-none-eabi/13.3.1/thumb/v6-m/nofp\libg.a(libc_a-impure.o)
                0x20001490                _impure_ptr
 *fill*         0x20001494        0x4 
 .data._impure_data
                0x20001498      0x140 C:/Users/amand/.pico-sdk/toolchain/13_3_Rel1/bin/../lib/gcc/arm-none-eabi/13.3.1/thumb/v6-m/nofp\libg.a(libc_a-impure.o)
                0x20001498                _impure_data
                0x200015d8                        . = ALIGN (0x4)
 *(.after_data.*)
                0x200015d8                        . = ALIGN (0x4)
                0x200015d8                        PROVIDE (__mutex_array_start = .)
 *(SORT_BY_NAME(.mutex_array.*))
 *(.mutex_array)
 .mutex_array   0x200015d8        0x8 CMakeFiles/Atv10-02.dir/C_/Users/amand/.pico-sdk/sdk/2.1.0/src/rp2_common/pico_stdio/stdio.c.obj
                0x200015e0                        PROVIDE (__mutex_array_end = .)
                0x200015e0                        . = ALIGN (0x4)
 *(.jcr)
                0x200015e0                        . = ALIGN (0x4)

.tm_clone_table
                0x200015e0        0x0 load address 0x1000a080
 .tm_clone_table
                0x200015e0        0x0 C:/Users/amand/.pico-sdk/toolchain/13_3_Rel1/bin/../lib/gcc/arm-none-eabi/13.3.1/thumb/v6-m/nofp/crtbegin.o
 .tm_clone_table
                0x200015e0        0x0 C:/Users/amand/.pico-sdk/toolchain/13_3_Rel1/bin/../lib/gcc/arm-none-eabi/13.3.1/thumb/v6-m/nofp/crtend.o

.igot.plt       0x200015e0        0x0 load address 0x1000a080
 .igot.plt      0x200015e0        0x0 C:/Users/amand/.pico-sdk/toolchain/13_3_Rel1/bin/../lib/gcc/arm-none-eabi/13.3.1/thumb/v6-m/nofp/crtbegin.o

.tdata          0x200015e0        0x0 load address 0x1000a080
                0x200015e0                        . = ALIGN (0x4)
 *(.tdata .tdata.* .gnu.linkonce.td.*)
                0x200015e0                        __tdata_end = .
                0x200015e0                        PROVIDE (__data_end__ = .)
                0x10008b60                        __etext = LOADADDR (.data)

.tbss           0x200015e0        0x0 load address 0x1000a080
                0x200015e0                        . = ALIGN (0x4)
                0x200015e0                        __bss_start__ = .
                0x200015e0                        __tls_base = .
 *(.tbss .tbss.* .gnu.linkonce.tb.*)
 *(.tcommon)
                0x200015e0                        __tls_end = .

.bss            0x200015e0     0x1238 load address 0x1000a080
                0x200015e0                        . = ALIGN (0x4)
                0x200015e0                        __tbss_end = .
 *(SORT_BY_ALIGNMENT(SORT_BY_NAME(.bss*)))
 .bss.default_alarm_pool_entries
                0x200015e0      0x180 CMakeFiles/Atv10-02.dir/C_/Users/amand/.pico-sdk/sdk/2.1.0/src/common/pico_time/time.c.obj
 .bss.last_avail_time.1
                0x20001760        0x8 CMakeFiles/Atv10-02.dir/C_/Users/amand/.pico-sdk/sdk/2.1.0/src/rp2_common/pico_stdio_usb/stdio_usb.c.obj
 .bss.sd_table  0x20001768      0x100 CMakeFiles/Atv10-02.dir/C_/Users/amand/.pico-sdk/sdk/2.1.0/src/rp2_common/pico_double/double_init_rom_rp2040.c.obj
                0x20001768                sd_table
 .bss.__lock___malloc_recursive_mutex
                0x20001868        0x1 C:/Users/amand/.pico-sdk/toolchain/13_3_Rel1/bin/../lib/gcc/arm-none-eabi/13.3.1/thumb/v6-m/nofp\libg.a(libc_a-lock.o)
                0x20001868                __lock___malloc_recursive_mutex
 *fill*         0x20001869        0x3 
 .bss.__malloc_current_mallinfo
                0x2000186c       0x28 C:/Users/amand/.pico-sdk/toolchain/13_3_Rel1/bin/../lib/gcc/arm-none-eabi/13.3.1/thumb/v6-m/nofp\libg.a(libc_a-mallocr.o)
                0x2000186c                __malloc_current_mallinfo
 .bss.__malloc_max_sbrked_mem
                0x20001894        0x4 C:/Users/amand/.pico-sdk/toolchain/13_3_Rel1/bin/../lib/gcc/arm-none-eabi/13.3.1/thumb/v6-m/nofp\libg.a(libc_a-mallocr.o)
                0x20001894                __malloc_max_sbrked_mem
 .bss.__malloc_max_total_mem
                0x20001898        0x4 C:/Users/amand/.pico-sdk/toolchain/13_3_Rel1/bin/../lib/gcc/arm-none-eabi/13.3.1/thumb/v6-m/nofp\libg.a(libc_a-mallocr.o)
                0x20001898                __malloc_max_total_mem
 .bss.__malloc_top_pad
                0x2000189c        0x4 C:/Users/amand/.pico-sdk/toolchain/13_3_Rel1/bin/../lib/gcc/arm-none-eabi/13.3.1/thumb/v6-m/nofp\libg.a(libc_a-mallocr.o)
                0x2000189c                __malloc_top_pad
 .bss.__sf      0x200018a0      0x138 C:/Users/amand/.pico-sdk/toolchain/13_3_Rel1/bin/../lib/gcc/arm-none-eabi/13.3.1/thumb/v6-m/nofp\libg.a(libc_a-findfp.o)
                0x200018a0                __sf
 .bss._app_driver
                0x200019d8        0x4 CMakeFiles/Atv10-02.dir/C_/Users/amand/.pico-sdk/sdk/2.1.0/lib/tinyusb/src/device/usbd.c.obj
 .bss._cdcd_fifo_cfg
                0x200019dc        0x1 CMakeFiles/Atv10-02.dir/C_/Users/amand/.pico-sdk/sdk/2.1.0/lib/tinyusb/src/class/cdc/cdc_device.c.obj
 *fill*         0x200019dd        0x3 
 .bss._cdcd_itf
                0x200019e0      0x2c8 CMakeFiles/Atv10-02.dir/C_/Users/amand/.pico-sdk/sdk/2.1.0/lib/tinyusb/src/class/cdc/cdc_device.c.obj
 .bss._ctrl_xfer
                0x20001ca8       0x14 CMakeFiles/Atv10-02.dir/C_/Users/amand/.pico-sdk/sdk/2.1.0/lib/tinyusb/src/device/usbd_control.c.obj
 .bss._ubsd_mutexdef
                0x20001cbc        0x8 CMakeFiles/Atv10-02.dir/C_/Users/amand/.pico-sdk/sdk/2.1.0/lib/tinyusb/src/device/usbd.c.obj
 .bss._usbd_ctrl_buf
                0x20001cc4       0x40 CMakeFiles/Atv10-02.dir/C_/Users/amand/.pico-sdk/sdk/2.1.0/lib/tinyusb/src/device/usbd_control.c.obj
 .bss._usbd_dev
                0x20001d04       0x54 CMakeFiles/Atv10-02.dir/C_/Users/amand/.pico-sdk/sdk/2.1.0/lib/tinyusb/src/device/usbd.c.obj
 .bss._usbd_mutex
                0x20001d58        0x4 CMakeFiles/Atv10-02.dir/C_/Users/amand/.pico-sdk/sdk/2.1.0/lib/tinyusb/src/device/usbd.c.obj
 .bss._usbd_q   0x20001d5c        0x4 CMakeFiles/Atv10-02.dir/C_/Users/amand/.pico-sdk/sdk/2.1.0/lib/tinyusb/src/device/usbd.c.obj
 .bss._usbd_qdef_buf
                0x20001d60       0xc0 CMakeFiles/Atv10-02.dir/C_/Users/amand/.pico-sdk/sdk/2.1.0/lib/tinyusb/src/device/usbd.c.obj
                0x20001d60                _usbd_qdef_buf
 .bss._vendord_itf
                0x20001e20      0x2cc CMakeFiles/Atv10-02.dir/C_/Users/amand/.pico-sdk/sdk/2.1.0/lib/tinyusb/src/class/vendor/vendor_device.c.obj
 .bss.boot2_copyout
                0x200020ec      0x100 CMakeFiles/Atv10-02.dir/C_/Users/amand/.pico-sdk/sdk/2.1.0/src/rp2_common/hardware_flash/flash.c.obj
 .bss.callbacks
                0x200021ec        0x8 CMakeFiles/Atv10-02.dir/C_/Users/amand/.pico-sdk/sdk/2.1.0/src/rp2_common/hardware_gpio/gpio.c.obj
 .bss.chars_available_callback
                0x200021f4        0x4 CMakeFiles/Atv10-02.dir/C_/Users/amand/.pico-sdk/sdk/2.1.0/src/rp2_common/pico_stdio_uart/stdio_uart.c.obj
 .bss.chars_available_callback
                0x200021f8        0x4 CMakeFiles/Atv10-02.dir/C_/Users/amand/.pico-sdk/sdk/2.1.0/src/rp2_common/pico_stdio_usb/stdio_usb.c.obj
 .bss.chars_available_param
                0x200021fc        0x4 CMakeFiles/Atv10-02.dir/C_/Users/amand/.pico-sdk/sdk/2.1.0/src/rp2_common/pico_stdio_uart/stdio_uart.c.obj
 .bss.chars_available_param
                0x20002200        0x4 CMakeFiles/Atv10-02.dir/C_/Users/amand/.pico-sdk/sdk/2.1.0/src/rp2_common/pico_stdio_usb/stdio_usb.c.obj
 .bss.claimed   0x20002204        0x4 CMakeFiles/Atv10-02.dir/C_/Users/amand/.pico-sdk/sdk/2.1.0/src/rp2_common/hardware_sync/sync.c.obj
 .bss.claimed   0x20002208        0x1 CMakeFiles/Atv10-02.dir/C_/Users/amand/.pico-sdk/sdk/2.1.0/src/rp2_common/hardware_timer/timer.c.obj
 *fill*         0x20002209        0x3 
 .bss.configured_freq
                0x2000220c       0x28 CMakeFiles/Atv10-02.dir/C_/Users/amand/.pico-sdk/sdk/2.1.0/src/rp2_common/hardware_clocks/clocks.c.obj
 .bss.desc_str.0
                0x20002234       0x28 CMakeFiles/Atv10-02.dir/C_/Users/amand/.pico-sdk/sdk/2.1.0/src/rp2_common/pico_stdio_usb/stdio_usb_descriptors.c.obj
 .bss.drivers   0x2000225c        0x4 CMakeFiles/Atv10-02.dir/C_/Users/amand/.pico-sdk/sdk/2.1.0/src/rp2_common/pico_stdio/stdio.c.obj
 .bss.e15_last_sof
                0x20002260        0x4 CMakeFiles/Atv10-02.dir/C_/Users/amand/.pico-sdk/sdk/2.1.0/lib/tinyusb/src/portable/raspberrypi/rp2040/rp2040_usb.c.obj
                0x20002260                e15_last_sof
 .bss.errno     0x20002264        0x4 C:/Users/amand/.pico-sdk/toolchain/13_3_Rel1/bin/../lib/gcc/arm-none-eabi/13.3.1/thumb/v6-m/nofp\libg.a(libc_a-reent.o)
                0x20002264                errno
 .bss.estilo_borda
                0x20002268        0x4 CMakeFiles/Atv10-02.dir/Atv10-02.c.obj
 .bss.filter    0x2000226c        0x4 CMakeFiles/Atv10-02.dir/C_/Users/amand/.pico-sdk/sdk/2.1.0/src/rp2_common/pico_stdio/stdio.c.obj
 .bss.heap_end.0
                0x20002270        0x4 CMakeFiles/Atv10-02.dir/C_/Users/amand/.pico-sdk/sdk/2.1.0/src/rp2_common/pico_clib_interface/newlib_interface.c.obj
 .bss.hw_endpoints
                0x20002274      0x400 CMakeFiles/Atv10-02.dir/C_/Users/amand/.pico-sdk/sdk/2.1.0/lib/tinyusb/src/portable/raspberrypi/rp2040/dcd_rp2040.c.obj
 .bss.lazy_vsnprintf
                0x20002674        0x4 CMakeFiles/Atv10-02.dir/C_/Users/amand/.pico-sdk/sdk/2.1.0/src/rp2_common/pico_printf/printf.c.obj
 .bss.load_value
                0x20002678        0x4 CMakeFiles/Atv10-02.dir/C_/Users/amand/.pico-sdk/sdk/2.1.0/src/rp2_common/hardware_watchdog/watchdog.c.obj
 .bss.next_buffer_ptr
                0x2000267c        0x4 CMakeFiles/Atv10-02.dir/C_/Users/amand/.pico-sdk/sdk/2.1.0/lib/tinyusb/src/portable/raspberrypi/rp2040/dcd_rp2040.c.obj
 .bss.object.0  0x20002680       0x18 C:/Users/amand/.pico-sdk/toolchain/13_3_Rel1/bin/../lib/gcc/arm-none-eabi/13.3.1/thumb/v6-m/nofp/crtbegin.o
 .bss.one_shot_timer_crit_sec
                0x20002698        0x8 CMakeFiles/Atv10-02.dir/C_/Users/amand/.pico-sdk/sdk/2.1.0/src/rp2_common/pico_stdio_usb/stdio_usb.c.obj